20-Aug-2026 00:31:33 UTC  Initiating request to open file root://cmsxrootd.fnal.gov//store/mc/RunIISummer20UL17MiniAODv2/SuuToChiChiToWBHTToJets_MSuu-8000_MChi-3000_TuneCP5_13TeV-madgraph-pythia8/MINIAODSIM/106X_mc2017_realistic_v9-v3/80000/20100574-5996-634F-8AF2-8AB221EE4261.root
%MSG-f XrdAdaptor:  file_open 20-Aug-2026 00:31:39 UTC pre-events
Opened a file at URL root://dm-s11-14-29.cr.cnaf.infn.it:1094//store/mc/RunIISummer20UL17MiniAODv2/SuuToChiChiToWBHTToJets_MSuu-8000_MChi-3000_TuneCP5_13TeV-madgraph-pythia8/MINIAODSIM/106X_mc2017_realistic_v9-v3/80000/20100574-5996-634F-8AF2-8AB221EE4261.root?tried=+1213cmsxrootd2.fnal.gov1213xrootd.unl.edu&xrdcl.requuid=2dbb9133-0c23-49a1-bc28-103a2f7634de
%MSG
20-Aug-2026 00:31:43 UTC  Successfully opened file root://cmsxrootd.fnal.gov//store/mc/RunIISummer20UL17MiniAODv2/SuuToChiChiToWBHTToJets_MSuu-8000_MChi-3000_TuneCP5_13TeV-madgraph-pythia8/MINIAODSIM/106X_mc2017_realistic_v9-v3/80000/20100574-5996-634F-8AF2-8AB221EE4261.root
%MSG-f XrdAdaptor:  (NoModuleName) 20-Aug-2026 00:31:47 UTC pre-events
Opened a file at URL root://dm-s11-14-31.cr.cnaf.infn.it:1094//store/mc/RunIISummer20UL17MiniAODv2/SuuToChiChiToWBHTToJets_MSuu-8000_MChi-3000_TuneCP5_13TeV-madgraph-pythia8/MINIAODSIM/106X_mc2017_realistic_v9-v3/80000/20100574-5996-634F-8AF2-8AB221EE4261.root?tried=+1213cmsxrootd2.fnal.gov1213xrootd.unl.edu,dm-s11-14-29.cr.cnaf.infn.it&triedrc=resel&xrdcl.requuid=be73afa0-e523-4e6b-a24f-bf6ad38f5063
%MSG
%MSG-f XrdAdaptorLvl3:  source 20-Aug-2026 00:32:12 UTC PreSource
Deactivating dm-s11-14-31.cr.cnaf.infn.it from active sources because its quality (3730) is higher than 260 and 4 times larger than the other active server dm-s11-14-29.cr.cnaf.infn.it (385) 
%MSG
Begin processing the 1st record. Run 1, Event 6005, LumiSection 7 on stream 0 at 20-Aug-2026 00:32:17.223 UTC
%MSG-f XrdAdaptor:  (NoModuleName) 20-Aug-2026 00:34:04 UTC pre-events
Opened a file at URL root://dc066.pic.es:21128//store/mc/RunIISummer20UL17MiniAODv2/SuuToChiChiToWBHTToJets_MSuu-8000_MChi-3000_TuneCP5_13TeV-madgraph-pythia8/MINIAODSIM/106X_mc2017_realistic_v9-v3/80000/20100574-5996-634F-8AF2-8AB221EE4261.root?org.dcache.uuid=bfffdd78-c6cc-40cd-9594-f3c231391493&org.dcache.xrootd.client=aji.624@cmswn2222.fnal.gov&tried=+1213cmsxrootd2.fnal.gov1213xrootd.unl.edu,dm-s11-14-29.cr.cnaf.infn.it,dm-s11-14-31.cr.cnaf.infn.it,xrootd-cms-02.cr.cnaf.infn.it,xrootd-cms.infn.it&triedrc=resel,enoent&xrd.logintoken=org.dcache.door=2001:67c:1148:201:0:0:0:13:1094&xrdcl.requuid=d74e8b9a-cad0-4078-acff-48d0ecab66ac
%MSG
%MSG-f XrdAdaptorLvl3:  PreProcPath p 20-Aug-2026 00:34:27 UTC  Run: 1 Event: 6018
Deactivating dm-s11-14-29.cr.cnaf.infn.it from active sources because the quality (24301) is above 5130 and it is not the only active server
%MSG
%MSG-f XrdAdaptorLvl3:  PreProcPath p 20-Aug-2026 00:34:27 UTC  Run: 1 Event: 6018
Deactivating dm-s11-14-29.cr.cnaf.infn.it from active sources because its quality (24301) is higher than 260 and 4 times larger than the other active server dc066.pic.es (260) 
%MSG
%MSG-f XrdAdaptor:  (NoModuleName) 20-Aug-2026 00:34:30 UTC pre-events
Opened a file at URL root://dc066.pic.es:21128//store/mc/RunIISummer20UL17MiniAODv2/SuuToChiChiToWBHTToJets_MSuu-8000_MChi-3000_TuneCP5_13TeV-madgraph-pythia8/MINIAODSIM/106X_mc2017_realistic_v9-v3/80000/20100574-5996-634F-8AF2-8AB221EE4261.root?org.dcache.uuid=b2d0103a-e7ea-44c9-8cdc-b7e1e3edda99&org.dcache.xrootd.client=aji.624@cmswn2222.fnal.gov&tried=+1213cmsxrootd2.fnal.gov1213xrootd.unl.edu,dm-s11-14-29.cr.cnaf.infn.it,cms-xrd-global.cern.ch,dm-s11-14-31.cr.cnaf.infn.it,xrootd-cms-01.cr.cnaf.infn.it,xrootd-cms.infn.it&triedrc=resel,enoent&xrd.logintoken=org.dcache.door=2001:67c:1148:201:0:0:0:13:1094&xrdcl.requuid=fbc8817a-d188-4945-85c7-6d64b0245382
%MSG
%MSG-f XrdAdaptor:  (NoModuleName) 20-Aug-2026 00:35:26 UTC pre-events
Opened a file at URL root://dc066.pic.es:21128//store/mc/RunIISummer20UL17MiniAODv2/SuuToChiChiToWBHTToJets_MSuu-8000_MChi-3000_TuneCP5_13TeV-madgraph-pythia8/MINIAODSIM/106X_mc2017_realistic_v9-v3/80000/20100574-5996-634F-8AF2-8AB221EE4261.root?org.dcache.uuid=86e5b172-c5b4-4a9e-8278-50b2d68a59fa&org.dcache.xrootd.client=aji.624@cmswn2222.fnal.gov&tried=+1213cmsxrootd2.fnal.gov1213xrootd.unl.edu,cms-xrd-global.cern.ch,dm-s11-14-31.cr.cnaf.infn.it,dm-s11-14-29.cr.cnaf.infn.it&triedrc=resel&xrd.logintoken=org.dcache.door=2001:67c:1148:201:0:0:0:13:1094&xrdcl.requuid=9ae88fbe-4c22-48c4-ade9-9b41852ea9e4
%MSG
20-Aug-2026 00:35:32 UTC  Closed file root://cmsxrootd.fnal.gov//store/mc/RunIISummer20UL17MiniAODv2/SuuToChiChiToWBHTToJets_MSuu-8000_MChi-3000_TuneCP5_13TeV-madgraph-pythia8/MINIAODSIM/106X_mc2017_realistic_v9-v3/80000/20100574-5996-634F-8AF2-8AB221EE4261.root
