20-Aug-2026 00:31:56 UTC  Initiating request to open file root://cmsxrootd.fnal.gov//store/mc/RunIISummer20UL17MiniAODv2/SuuToChiChiToWBHTToJets_MSuu-8000_MChi-3000_TuneCP5_13TeV-madgraph-pythia8/MINIAODSIM/106X_mc2017_realistic_v9-v3/80000/20100574-5996-634F-8AF2-8AB221EE4261.root
%MSG-f XrdAdaptor:  file_open 20-Aug-2026 00:32:00 UTC pre-events
Opened a file at URL root://dm-s11-14-31.cr.cnaf.infn.it:1094//store/mc/RunIISummer20UL17MiniAODv2/SuuToChiChiToWBHTToJets_MSuu-8000_MChi-3000_TuneCP5_13TeV-madgraph-pythia8/MINIAODSIM/106X_mc2017_realistic_v9-v3/80000/20100574-5996-634F-8AF2-8AB221EE4261.root?tried=+1213cmsxrootd2.fnal.gov&xrdcl.requuid=490c85e2-c563-4e59-9510-52d5dfdd0b6a
%MSG
20-Aug-2026 00:32:04 UTC  Successfully opened file root://cmsxrootd.fnal.gov//store/mc/RunIISummer20UL17MiniAODv2/SuuToChiChiToWBHTToJets_MSuu-8000_MChi-3000_TuneCP5_13TeV-madgraph-pythia8/MINIAODSIM/106X_mc2017_realistic_v9-v3/80000/20100574-5996-634F-8AF2-8AB221EE4261.root
%MSG-f XrdAdaptor:  (NoModuleName) 20-Aug-2026 00:32:07 UTC pre-events
Opened a file at URL root://dm-s11-14-29.cr.cnaf.infn.it:1094//store/mc/RunIISummer20UL17MiniAODv2/SuuToChiChiToWBHTToJets_MSuu-8000_MChi-3000_TuneCP5_13TeV-madgraph-pythia8/MINIAODSIM/106X_mc2017_realistic_v9-v3/80000/20100574-5996-634F-8AF2-8AB221EE4261.root?tried=+1213cmsxrootd2.fnal.gov,dm-s11-14-31.cr.cnaf.infn.it&triedrc=resel&xrdcl.requuid=7e09bf2e-11bb-415c-85b8-4f0e6dd77857
%MSG
%MSG-f XrdAdaptorLvl3:  source 20-Aug-2026 00:32:27 UTC PreSource
Deactivating dm-s11-14-29.cr.cnaf.infn.it from active sources because its quality (2039) is higher than 260 and 4 times larger than the other active server dm-s11-14-31.cr.cnaf.infn.it (504) 
%MSG
Begin processing the 1st record. Run 1, Event 6005, LumiSection 7 on stream 0 at 20-Aug-2026 00:32:35.393 UTC
%MSG-f XrdAdaptor:  (NoModuleName) 20-Aug-2026 00:34:48 UTC pre-events
Opened a file at URL root://dc066.pic.es:21128//store/mc/RunIISummer20UL17MiniAODv2/SuuToChiChiToWBHTToJets_MSuu-8000_MChi-3000_TuneCP5_13TeV-madgraph-pythia8/MINIAODSIM/106X_mc2017_realistic_v9-v3/80000/20100574-5996-634F-8AF2-8AB221EE4261.root?org.dcache.uuid=cc26ac80-9370-4a2f-b767-f2e5ff8d61ad&org.dcache.xrootd.client=aji.625@cmswn2186.fnal.gov&tried=+1213cmsxrootd2.fnal.gov,dm-s11-14-31.cr.cnaf.infn.it,dm-s11-14-29.cr.cnaf.infn.it,xrootd-cms-01.cr.cnaf.infn.it,xrootd-cms.infn.it&triedrc=resel,enoent&xrd.logintoken=org.dcache.door=2001:67c:1148:201:0:0:0:13:1094&xrdcl.requuid=e3e857b9-73b7-44dd-827c-9bb2c38baa18
%MSG
%MSG-f XrdAdaptorLvl3:  PreProcPath p 20-Aug-2026 00:35:31 UTC  Run: 1 Event: 6018
Deactivating dm-s11-14-31.cr.cnaf.infn.it from active sources because the quality (40362) is above 5130 and it is not the only active server
%MSG
%MSG-f XrdAdaptorLvl3:  PreProcPath p 20-Aug-2026 00:35:31 UTC  Run: 1 Event: 6018
Deactivating dm-s11-14-31.cr.cnaf.infn.it from active sources because its quality (40362) is higher than 260 and 4 times larger than the other active server dc066.pic.es (260) 
%MSG
%MSG-f XrdAdaptor:  (NoModuleName) 20-Aug-2026 00:35:32 UTC pre-events
Opened a file at URL root://dc066.pic.es:21128//store/mc/RunIISummer20UL17MiniAODv2/SuuToChiChiToWBHTToJets_MSuu-8000_MChi-3000_TuneCP5_13TeV-madgraph-pythia8/MINIAODSIM/106X_mc2017_realistic_v9-v3/80000/20100574-5996-634F-8AF2-8AB221EE4261.root?org.dcache.uuid=8e57446e-3ce0-4c6f-8cfe-512a6d6f7f2c&org.dcache.xrootd.client=aji.625@cmswn2186.fnal.gov&tried=+1213cmsxrootd2.fnal.gov,dm-s11-14-31.cr.cnaf.infn.it,cms-xrd-global.cern.ch,dm-s11-14-29.cr.cnaf.infn.it&triedrc=resel&xrd.logintoken=org.dcache.door=2001:67c:1148:201:0:0:0:13:1094&xrdcl.requuid=22836f87-db04-45d9-bbc1-7b5ecef197d7
%MSG
%MSG-f XrdAdaptor:  (NoModuleName) 20-Aug-2026 00:37:05 UTC pre-events
Opened a file at URL root://dc066.pic.es:21128//store/mc/RunIISummer20UL17MiniAODv2/SuuToChiChiToWBHTToJets_MSuu-8000_MChi-3000_TuneCP5_13TeV-madgraph-pythia8/MINIAODSIM/106X_mc2017_realistic_v9-v3/80000/20100574-5996-634F-8AF2-8AB221EE4261.root?org.dcache.uuid=910dd11a-6b23-4d6f-b1ec-67cd74d08252&org.dcache.xrootd.client=aji.625@cmswn2186.fnal.gov&tried=+1213cmsxrootd2.fnal.gov,cms-xrd-global.cern.ch,dm-s11-14-29.cr.cnaf.infn.it,dm-s11-14-31.cr.cnaf.infn.it,xrootd-cms-01.cr.cnaf.infn.it,xrootd-cms.infn.it&triedrc=resel,enoent&xrd.logintoken=org.dcache.door=2001:67c:1148:201:0:0:0:13:1094&xrdcl.requuid=feeb1fa9-7c05-4359-a4ee-0341dfa3b681
%MSG
20-Aug-2026 00:37:08 UTC  Closed file root://cmsxrootd.fnal.gov//store/mc/RunIISummer20UL17MiniAODv2/SuuToChiChiToWBHTToJets_MSuu-8000_MChi-3000_TuneCP5_13TeV-madgraph-pythia8/MINIAODSIM/106X_mc2017_realistic_v9-v3/80000/20100574-5996-634F-8AF2-8AB221EE4261.root
