20-Aug-2026 02:25:22 UTC  Initiating request to open file root://cmsxrootd.fnal.gov//store/mc/RunIISummer20UL17MiniAODv2/SuuToChiChiToHTZTToJets_MSuu-8000_MChi-3000_TuneCP5_13TeV-madgraph-pythia8/MINIAODSIM/106X_mc2017_realistic_v9-v3/50000/0E7F7F75-5F19-6C4F-8B78-C5E887A76DFA.root
%MSG-f XrdAdaptor:  file_open 20-Aug-2026 02:25:24 UTC pre-events
Opened a file at URL root://k8s-transfer-16.ultralight.org:1094//store/mc/RunIISummer20UL17MiniAODv2/SuuToChiChiToHTZTToJets_MSuu-8000_MChi-3000_TuneCP5_13TeV-madgraph-pythia8/MINIAODSIM/106X_mc2017_realistic_v9-v3/50000/0E7F7F75-5F19-6C4F-8B78-C5E887A76DFA.root?xrdcl.requuid=a609d08a-7f8b-49f6-972f-bb940a0219ec
%MSG
20-Aug-2026 02:25:29 UTC  Successfully opened file root://cmsxrootd.fnal.gov//store/mc/RunIISummer20UL17MiniAODv2/SuuToChiChiToHTZTToJets_MSuu-8000_MChi-3000_TuneCP5_13TeV-madgraph-pythia8/MINIAODSIM/106X_mc2017_realistic_v9-v3/50000/0E7F7F75-5F19-6C4F-8B78-C5E887A76DFA.root
%MSG-f XrdAdaptor:  (NoModuleName) 20-Aug-2026 02:25:30 UTC pre-events
Opened a file at URL root://k8s-transfer-13.ultralight.org:1094//store/mc/RunIISummer20UL17MiniAODv2/SuuToChiChiToHTZTToJets_MSuu-8000_MChi-3000_TuneCP5_13TeV-madgraph-pythia8/MINIAODSIM/106X_mc2017_realistic_v9-v3/50000/0E7F7F75-5F19-6C4F-8B78-C5E887A76DFA.root?tried=k8s-transfer-16.ultralight.org&triedrc=resel&xrdcl.requuid=de73ac3a-bfbd-4002-8c0d-131bf06465e4
%MSG
%MSG-f XrdAdaptorLvl3:  AfterFile 20-Aug-2026 02:25:34 UTC pre-events
Deactivating k8s-transfer-16.ultralight.org from active sources because its quality (401) is higher than 260 and 4 times larger than the other active server k8s-transfer-13.ultralight.org (45) 
%MSG
Begin processing the 1st record. Run 1, Event 1150, LumiSection 4 on stream 0 at 20-Aug-2026 02:25:35.149 UTC
[2026-08-20 02:25:35.152758 +0000][Error  ][AsyncSock         ] [k8s-transfer-15.ultralight.org:1094.0] Unable to connect: network is unreachable
[2026-08-20 02:25:35.152876 +0000][Error  ][PostMaster        ] [k8s-transfer-15.ultralight.org:1094] elapsed = 0, pConnectionWindow = 31 seconds.
%MSG-f XrdAdaptor:  (NoModuleName) 20-Aug-2026 02:25:38 UTC pre-events
Opened a file at URL root://k8s-transfer-15.ultralight.org:1094//store/mc/RunIISummer20UL17MiniAODv2/SuuToChiChiToHTZTToJets_MSuu-8000_MChi-3000_TuneCP5_13TeV-madgraph-pythia8/MINIAODSIM/106X_mc2017_realistic_v9-v3/50000/0E7F7F75-5F19-6C4F-8B78-C5E887A76DFA.root?tried=k8s-transfer-13.ultralight.org,k8s-transfer-16.ultralight.org&triedrc=resel&xrdcl.requuid=aa64b57d-2899-468f-b2f7-198b094c2116
%MSG
%MSG-f XrdAdaptorLvl3:  PreProcPath p 20-Aug-2026 02:26:14 UTC  Run: 1 Event: 1168
Deactivating k8s-transfer-15.ultralight.org from active sources because its quality (2331) is higher than 260 and 4 times larger than the other active server k8s-transfer-13.ultralight.org (121) 
%MSG
20-Aug-2026 02:26:53 UTC  Closed file root://cmsxrootd.fnal.gov//store/mc/RunIISummer20UL17MiniAODv2/SuuToChiChiToHTZTToJets_MSuu-8000_MChi-3000_TuneCP5_13TeV-madgraph-pythia8/MINIAODSIM/106X_mc2017_realistic_v9-v3/50000/0E7F7F75-5F19-6C4F-8B78-C5E887A76DFA.root
