20-Aug-2026 01:16:49 UTC  Initiating request to open file root://cmsxrootd.fnal.gov//store/mc/RunIISummer20UL17MiniAODv2/SuuToChiChiToZTZTToJets_MSuu-8000_MChi-3000_TuneCP5_13TeV-madgraph-pythia8/MINIAODSIM/106X_mc2017_realistic_v9-v2/130000/0DBCC9BE-F462-E14E-88E5-B41158CCAE98.root
%MSG-f XrdAdaptor:  file_open 20-Aug-2026 01:16:51 UTC pre-events
Opened a file at URL root://cmsio6.rc.ufl.edu:1094//store/mc/RunIISummer20UL17MiniAODv2/SuuToChiChiToZTZTToJets_MSuu-8000_MChi-3000_TuneCP5_13TeV-madgraph-pythia8/MINIAODSIM/106X_mc2017_realistic_v9-v2/130000/0DBCC9BE-F462-E14E-88E5-B41158CCAE98.root?xrdcl.requuid=b40f5a9f-0f51-4e15-a118-401c50e25a5a
%MSG
20-Aug-2026 01:16:55 UTC  Successfully opened file root://cmsxrootd.fnal.gov//store/mc/RunIISummer20UL17MiniAODv2/SuuToChiChiToZTZTToJets_MSuu-8000_MChi-3000_TuneCP5_13TeV-madgraph-pythia8/MINIAODSIM/106X_mc2017_realistic_v9-v2/130000/0DBCC9BE-F462-E14E-88E5-B41158CCAE98.root
Begin processing the 1st record. Run 1, Event 22073, LumiSection 63 on stream 0 at 20-Aug-2026 01:16:56.899 UTC
%MSG-f XrdAdaptor:  (NoModuleName) 20-Aug-2026 01:16:57 UTC pre-events
Opened a file at URL root://cmsio2.rc.ufl.edu:1094//store/mc/RunIISummer20UL17MiniAODv2/SuuToChiChiToZTZTToJets_MSuu-8000_MChi-3000_TuneCP5_13TeV-madgraph-pythia8/MINIAODSIM/106X_mc2017_realistic_v9-v2/130000/0DBCC9BE-F462-E14E-88E5-B41158CCAE98.root?tried=cmsio6.rc.ufl.edu&triedrc=resel&xrdcl.requuid=6074cc38-94b5-48d6-8a35-750b8b73b3f8
%MSG
20-Aug-2026 01:18:00 UTC  Closed file root://cmsxrootd.fnal.gov//store/mc/RunIISummer20UL17MiniAODv2/SuuToChiChiToZTZTToJets_MSuu-8000_MChi-3000_TuneCP5_13TeV-madgraph-pythia8/MINIAODSIM/106X_mc2017_realistic_v9-v2/130000/0DBCC9BE-F462-E14E-88E5-B41158CCAE98.root
20-Aug-2026 01:18:00 UTC  Initiating request to open file root://cmsxrootd.fnal.gov//store/mc/RunIISummer20UL17MiniAODv2/SuuToChiChiToZTZTToJets_MSuu-8000_MChi-3000_TuneCP5_13TeV-madgraph-pythia8/MINIAODSIM/106X_mc2017_realistic_v9-v2/130000/11EF46D1-79B6-3140-B88C-E0D523C9AE94.root
%MSG-f XrdAdaptor:  file_open 20-Aug-2026 01:18:01 UTC PostProcessEvent
Opened a file at URL root://cmsio10.rc.ufl.edu:1094//store/mc/RunIISummer20UL17MiniAODv2/SuuToChiChiToZTZTToJets_MSuu-8000_MChi-3000_TuneCP5_13TeV-madgraph-pythia8/MINIAODSIM/106X_mc2017_realistic_v9-v2/130000/11EF46D1-79B6-3140-B88C-E0D523C9AE94.root?xrdcl.requuid=976c8066-2a87-45bb-8eb8-c158da1579ea
%MSG
20-Aug-2026 01:18:03 UTC  Successfully opened file root://cmsxrootd.fnal.gov//store/mc/RunIISummer20UL17MiniAODv2/SuuToChiChiToZTZTToJets_MSuu-8000_MChi-3000_TuneCP5_13TeV-madgraph-pythia8/MINIAODSIM/106X_mc2017_realistic_v9-v2/130000/11EF46D1-79B6-3140-B88C-E0D523C9AE94.root
%MSG-f XrdAdaptor:  (NoModuleName) 20-Aug-2026 01:18:07 UTC pre-events
Opened a file at URL root://cmsio2.rc.ufl.edu:1094//store/mc/RunIISummer20UL17MiniAODv2/SuuToChiChiToZTZTToJets_MSuu-8000_MChi-3000_TuneCP5_13TeV-madgraph-pythia8/MINIAODSIM/106X_mc2017_realistic_v9-v2/130000/11EF46D1-79B6-3140-B88C-E0D523C9AE94.root?tried=cmsio10.rc.ufl.edu&triedrc=resel&xrdcl.requuid=8c704b7b-2297-4ee9-a03a-8485d1d30c80
%MSG
20-Aug-2026 01:18:24 UTC  Closed file root://cmsxrootd.fnal.gov//store/mc/RunIISummer20UL17MiniAODv2/SuuToChiChiToZTZTToJets_MSuu-8000_MChi-3000_TuneCP5_13TeV-madgraph-pythia8/MINIAODSIM/106X_mc2017_realistic_v9-v2/130000/11EF46D1-79B6-3140-B88C-E0D523C9AE94.root
20-Aug-2026 01:18:24 UTC  Initiating request to open file root://cmsxrootd.fnal.gov//store/mc/RunIISummer20UL17MiniAODv2/SuuToChiChiToZTZTToJets_MSuu-8000_MChi-3000_TuneCP5_13TeV-madgraph-pythia8/MINIAODSIM/106X_mc2017_realistic_v9-v2/130000/164538D1-3988-1045-9CB9-DF05AF09AA54.root
%MSG-f XrdAdaptor:  file_open 20-Aug-2026 01:18:25 UTC PostProcessEvent
Opened a file at URL root://cmsio7.rc.ufl.edu:1094//store/mc/RunIISummer20UL17MiniAODv2/SuuToChiChiToZTZTToJets_MSuu-8000_MChi-3000_TuneCP5_13TeV-madgraph-pythia8/MINIAODSIM/106X_mc2017_realistic_v9-v2/130000/164538D1-3988-1045-9CB9-DF05AF09AA54.root?xrdcl.requuid=24de12f8-9d7d-4418-a001-92c9054716ea
%MSG
20-Aug-2026 01:18:26 UTC  Successfully opened file root://cmsxrootd.fnal.gov//store/mc/RunIISummer20UL17MiniAODv2/SuuToChiChiToZTZTToJets_MSuu-8000_MChi-3000_TuneCP5_13TeV-madgraph-pythia8/MINIAODSIM/106X_mc2017_realistic_v9-v2/130000/164538D1-3988-1045-9CB9-DF05AF09AA54.root
20-Aug-2026 01:18:46 UTC  Closed file root://cmsxrootd.fnal.gov//store/mc/RunIISummer20UL17MiniAODv2/SuuToChiChiToZTZTToJets_MSuu-8000_MChi-3000_TuneCP5_13TeV-madgraph-pythia8/MINIAODSIM/106X_mc2017_realistic_v9-v2/130000/164538D1-3988-1045-9CB9-DF05AF09AA54.root
