20-Aug-2026 00:58:36 UTC  Initiating request to open file root://cmsxrootd.fnal.gov//store/mc/RunIISummer20UL17MiniAODv2/SuuToChiChiToZTZTToJets_MSuu-6000_MChi-2000_TuneCP5_13TeV-madgraph-pythia8/MINIAODSIM/106X_mc2017_realistic_v9-v2/130000/34FF48EF-E4F5-CC41-9B1C-7A17B2B5AFFE.root
%MSG-f XrdAdaptor:  file_open 20-Aug-2026 00:58:38 UTC pre-events
Opened a file at URL root://xrd-15.t2.ucsd.edu:1095//store/mc/RunIISummer20UL17MiniAODv2/SuuToChiChiToZTZTToJets_MSuu-6000_MChi-2000_TuneCP5_13TeV-madgraph-pythia8/MINIAODSIM/106X_mc2017_realistic_v9-v2/130000/34FF48EF-E4F5-CC41-9B1C-7A17B2B5AFFE.root?xrdcl.requuid=93991f4d-067c-4546-9ef0-381c6215d0d0
%MSG
20-Aug-2026 00:58:41 UTC  Successfully opened file root://cmsxrootd.fnal.gov//store/mc/RunIISummer20UL17MiniAODv2/SuuToChiChiToZTZTToJets_MSuu-6000_MChi-2000_TuneCP5_13TeV-madgraph-pythia8/MINIAODSIM/106X_mc2017_realistic_v9-v2/130000/34FF48EF-E4F5-CC41-9B1C-7A17B2B5AFFE.root
Begin processing the 1st record. Run 1, Event 29754, LumiSection 51 on stream 0 at 20-Aug-2026 00:58:46.067 UTC
%MSG-f XrdAdaptor:  (NoModuleName) 20-Aug-2026 00:58:46 UTC pre-events
Opened a file at URL root://xrd-10.t2.ucsd.edu:1095//store/mc/RunIISummer20UL17MiniAODv2/SuuToChiChiToZTZTToJets_MSuu-6000_MChi-2000_TuneCP5_13TeV-madgraph-pythia8/MINIAODSIM/106X_mc2017_realistic_v9-v2/130000/34FF48EF-E4F5-CC41-9B1C-7A17B2B5AFFE.root?tried=xrd-15.t2.ucsd.edu&triedrc=resel&xrdcl.requuid=2011de3a-f150-4b81-a49f-d10e0664efa6
%MSG
20-Aug-2026 00:59:24 UTC  Closed file root://cmsxrootd.fnal.gov//store/mc/RunIISummer20UL17MiniAODv2/SuuToChiChiToZTZTToJets_MSuu-6000_MChi-2000_TuneCP5_13TeV-madgraph-pythia8/MINIAODSIM/106X_mc2017_realistic_v9-v2/130000/34FF48EF-E4F5-CC41-9B1C-7A17B2B5AFFE.root
20-Aug-2026 00:59:24 UTC  Initiating request to open file root://cmsxrootd.fnal.gov//store/mc/RunIISummer20UL17MiniAODv2/SuuToChiChiToZTZTToJets_MSuu-6000_MChi-2000_TuneCP5_13TeV-madgraph-pythia8/MINIAODSIM/106X_mc2017_realistic_v9-v2/130000/446120FF-86EB-F047-BF51-7D8D067AE647.root
%MSG-f XrdAdaptor:  file_open 20-Aug-2026 00:59:26 UTC PostProcessEvent
Opened a file at URL root://dtn-04.t2.ucsd.edu:1095//store/mc/RunIISummer20UL17MiniAODv2/SuuToChiChiToZTZTToJets_MSuu-6000_MChi-2000_TuneCP5_13TeV-madgraph-pythia8/MINIAODSIM/106X_mc2017_realistic_v9-v2/130000/446120FF-86EB-F047-BF51-7D8D067AE647.root?xrdcl.requuid=0da64f0c-0964-4a30-97b2-347f9787d092
%MSG
20-Aug-2026 00:59:28 UTC  Successfully opened file root://cmsxrootd.fnal.gov//store/mc/RunIISummer20UL17MiniAODv2/SuuToChiChiToZTZTToJets_MSuu-6000_MChi-2000_TuneCP5_13TeV-madgraph-pythia8/MINIAODSIM/106X_mc2017_realistic_v9-v2/130000/446120FF-86EB-F047-BF51-7D8D067AE647.root
%MSG-f XrdAdaptor:  (NoModuleName) 20-Aug-2026 00:59:33 UTC pre-events
Opened a file at URL root://xrd-12.t2.ucsd.edu:1095//store/mc/RunIISummer20UL17MiniAODv2/SuuToChiChiToZTZTToJets_MSuu-6000_MChi-2000_TuneCP5_13TeV-madgraph-pythia8/MINIAODSIM/106X_mc2017_realistic_v9-v2/130000/446120FF-86EB-F047-BF51-7D8D067AE647.root?tried=dtn-04.t2.ucsd.edu&triedrc=resel&xrdcl.requuid=03ce4374-9850-45bd-980e-fc3818701ed1
%MSG
%MSG-f XrdAdaptorLvl3:  PreProcPath p 20-Aug-2026 00:59:39 UTC  Run: 1 Event: 6569
Deactivating xrd-12.t2.ucsd.edu from active sources because its quality (1043) is higher than 260 and 4 times larger than the other active server dtn-04.t2.ucsd.edu (250) 
%MSG
%MSG-f XrdAdaptor:  (NoModuleName) 20-Aug-2026 00:59:39 UTC pre-events
Opened a file at URL root://xrd-13.t2.ucsd.edu:1095//store/mc/RunIISummer20UL17MiniAODv2/SuuToChiChiToZTZTToJets_MSuu-6000_MChi-2000_TuneCP5_13TeV-madgraph-pythia8/MINIAODSIM/106X_mc2017_realistic_v9-v2/130000/446120FF-86EB-F047-BF51-7D8D067AE647.root?tried=dtn-04.t2.ucsd.edu,xrd-12.t2.ucsd.edu&triedrc=resel&xrdcl.requuid=357e2e1a-ebe7-4e5d-abf4-980369f5e4ce
%MSG
20-Aug-2026 01:00:04 UTC  Closed file root://cmsxrootd.fnal.gov//store/mc/RunIISummer20UL17MiniAODv2/SuuToChiChiToZTZTToJets_MSuu-6000_MChi-2000_TuneCP5_13TeV-madgraph-pythia8/MINIAODSIM/106X_mc2017_realistic_v9-v2/130000/446120FF-86EB-F047-BF51-7D8D067AE647.root
