20-Aug-2026 00:40:04 UTC  Initiating request to open file root://cmsxrootd.fnal.gov//store/mc/RunIISummer20UL17MiniAODv2/SuuToChiChiToWBHTToJets_MSuu-8000_MChi-3000_TuneCP5_13TeV-madgraph-pythia8/MINIAODSIM/106X_mc2017_realistic_v9-v3/80000/20100574-5996-634F-8AF2-8AB221EE4261.root
%MSG-f XrdAdaptor:  file_open 20-Aug-2026 00:40:09 UTC pre-events
Opened a file at URL root://dm-s11-14-31.cr.cnaf.infn.it:1094//store/mc/RunIISummer20UL17MiniAODv2/SuuToChiChiToWBHTToJets_MSuu-8000_MChi-3000_TuneCP5_13TeV-madgraph-pythia8/MINIAODSIM/106X_mc2017_realistic_v9-v3/80000/20100574-5996-634F-8AF2-8AB221EE4261.root?tried=+1213cmsxrootd2.fnal.gov1213xrootd.unl.edu&xrdcl.requuid=c1c0efd3-34de-4670-b30d-da4304d73195
%MSG
20-Aug-2026 00:40:12 UTC  Successfully opened file root://cmsxrootd.fnal.gov//store/mc/RunIISummer20UL17MiniAODv2/SuuToChiChiToWBHTToJets_MSuu-8000_MChi-3000_TuneCP5_13TeV-madgraph-pythia8/MINIAODSIM/106X_mc2017_realistic_v9-v3/80000/20100574-5996-634F-8AF2-8AB221EE4261.root
%MSG-f XrdAdaptor:  (NoModuleName) 20-Aug-2026 00:40:15 UTC pre-events
Opened a file at URL root://dm-s11-14-29.cr.cnaf.infn.it:1094//store/mc/RunIISummer20UL17MiniAODv2/SuuToChiChiToWBHTToJets_MSuu-8000_MChi-3000_TuneCP5_13TeV-madgraph-pythia8/MINIAODSIM/106X_mc2017_realistic_v9-v3/80000/20100574-5996-634F-8AF2-8AB221EE4261.root?tried=+1213cmsxrootd2.fnal.gov1213xrootd.unl.edu,dm-s11-14-31.cr.cnaf.infn.it&triedrc=resel&xrdcl.requuid=034ac046-a2a2-4715-b088-613a330c37b0
%MSG
%MSG-f XrdAdaptorLvl3:  source 20-Aug-2026 00:40:35 UTC PreSource
Deactivating dm-s11-14-29.cr.cnaf.infn.it from active sources because its quality (2034) is higher than 260 and 4 times larger than the other active server dm-s11-14-31.cr.cnaf.infn.it (497) 
%MSG
Begin processing the 1st record. Run 1, Event 6005, LumiSection 7 on stream 0 at 20-Aug-2026 00:40:43.713 UTC
%MSG-f XrdAdaptor:  (NoModuleName) 20-Aug-2026 00:42:58 UTC pre-events
Opened a file at URL root://dc066.pic.es:21128//store/mc/RunIISummer20UL17MiniAODv2/SuuToChiChiToWBHTToJets_MSuu-8000_MChi-3000_TuneCP5_13TeV-madgraph-pythia8/MINIAODSIM/106X_mc2017_realistic_v9-v3/80000/20100574-5996-634F-8AF2-8AB221EE4261.root?org.dcache.uuid=02ef80bc-1f4c-407f-9974-af04f55b4993&org.dcache.xrootd.client=aji.625@cmswn2260.fnal.gov&tried=+1213cmsxrootd2.fnal.gov1213xrootd.unl.edu,dm-s11-14-31.cr.cnaf.infn.it,dm-s11-14-29.cr.cnaf.infn.it,xrootd-cms-01.cr.cnaf.infn.it,xrootd-cms.infn.it&triedrc=resel,enoent&xrd.logintoken=org.dcache.door=2001:67c:1148:201:0:0:0:13:1094&xrdcl.requuid=576274af-0a44-4207-b869-73169b5b1ccb
%MSG
%MSG-f XrdAdaptorLvl3:  PreProcPath p 20-Aug-2026 00:43:46 UTC  Run: 1 Event: 6018
Deactivating dm-s11-14-31.cr.cnaf.infn.it from active sources because the quality (43459) is above 5130 and it is not the only active server
%MSG
%MSG-f XrdAdaptorLvl3:  PreProcPath p 20-Aug-2026 00:43:46 UTC  Run: 1 Event: 6018
Deactivating dm-s11-14-31.cr.cnaf.infn.it from active sources because its quality (43459) is higher than 260 and 4 times larger than the other active server dc066.pic.es (260) 
%MSG
%MSG-f XrdAdaptor:  (NoModuleName) 20-Aug-2026 00:43:47 UTC pre-events
Opened a file at URL root://dc066.pic.es:21128//store/mc/RunIISummer20UL17MiniAODv2/SuuToChiChiToWBHTToJets_MSuu-8000_MChi-3000_TuneCP5_13TeV-madgraph-pythia8/MINIAODSIM/106X_mc2017_realistic_v9-v3/80000/20100574-5996-634F-8AF2-8AB221EE4261.root?org.dcache.uuid=a75e8ea1-2056-4da0-a186-cfd87a41cd93&org.dcache.xrootd.client=aji.625@cmswn2260.fnal.gov&tried=+1213cmsxrootd2.fnal.gov1213xrootd.unl.edu,dm-s11-14-31.cr.cnaf.infn.it,cms-xrd-global.cern.ch,dm-s11-14-29.cr.cnaf.infn.it&triedrc=resel&xrd.logintoken=org.dcache.door=2001:67c:1148:201:0:0:0:13:1094&xrdcl.requuid=6f45ea14-9416-45f0-afc1-78f8d5997cab
%MSG
%MSG-f XrdAdaptor:  (NoModuleName) 20-Aug-2026 00:44:20 UTC pre-events
Opened a file at URL root://dc066.pic.es:21128//store/mc/RunIISummer20UL17MiniAODv2/SuuToChiChiToWBHTToJets_MSuu-8000_MChi-3000_TuneCP5_13TeV-madgraph-pythia8/MINIAODSIM/106X_mc2017_realistic_v9-v3/80000/20100574-5996-634F-8AF2-8AB221EE4261.root?org.dcache.uuid=47656513-6bfe-4d32-b747-eb0d9235008e&org.dcache.xrootd.client=aji.625@cmswn2260.fnal.gov&tried=+1213cmsxrootd2.fnal.gov1213xrootd.unl.edu,cms-xrd-global.cern.ch,dm-s11-14-29.cr.cnaf.infn.it,dm-s11-14-31.cr.cnaf.infn.it,xrootd-cms-01.cr.cnaf.infn.it,xrootd-cms.infn.it&triedrc=resel,enoent&xrd.logintoken=org.dcache.door=2001:67c:1148:201:0:0:0:13:1094&xrdcl.requuid=d40d86d5-cac2-4101-b4d0-d554341f6486
%MSG
20-Aug-2026 00:44:23 UTC  Closed file root://cmsxrootd.fnal.gov//store/mc/RunIISummer20UL17MiniAODv2/SuuToChiChiToWBHTToJets_MSuu-8000_MChi-3000_TuneCP5_13TeV-madgraph-pythia8/MINIAODSIM/106X_mc2017_realistic_v9-v3/80000/20100574-5996-634F-8AF2-8AB221EE4261.root
