20-Aug-2026 01:04:51 UTC  Initiating request to open file root://cmsxrootd.fnal.gov//store/mc/RunIISummer20UL17MiniAODv2/SuuToChiChiToZTZTToJets_MSuu-6000_MChi-2000_TuneCP5_13TeV-madgraph-pythia8/MINIAODSIM/106X_mc2017_realistic_v9-v2/130000/34FF48EF-E4F5-CC41-9B1C-7A17B2B5AFFE.root
[2026-08-20 01:04:55.759829 +0000][Error  ][AsyncSock         ] [dtn-06.t2.ucsd.edu:1095.0] Unable to connect: no route to host
[2026-08-20 01:04:55.759957 +0000][Error  ][PostMaster        ] [dtn-06.t2.ucsd.edu:1095] elapsed = 2, pConnectionWindow = 31 seconds.
%MSG-f XrdAdaptor:  file_open 20-Aug-2026 01:04:56 UTC pre-events
Opened a file at URL root://dtn-06.t2.ucsd.edu:1095//store/mc/RunIISummer20UL17MiniAODv2/SuuToChiChiToZTZTToJets_MSuu-6000_MChi-2000_TuneCP5_13TeV-madgraph-pythia8/MINIAODSIM/106X_mc2017_realistic_v9-v2/130000/34FF48EF-E4F5-CC41-9B1C-7A17B2B5AFFE.root?xrdcl.requuid=9ca4c854-f6b9-4bce-b28a-b29d0c80d2ef
%MSG
20-Aug-2026 01:04:59 UTC  Successfully opened file root://cmsxrootd.fnal.gov//store/mc/RunIISummer20UL17MiniAODv2/SuuToChiChiToZTZTToJets_MSuu-6000_MChi-2000_TuneCP5_13TeV-madgraph-pythia8/MINIAODSIM/106X_mc2017_realistic_v9-v2/130000/34FF48EF-E4F5-CC41-9B1C-7A17B2B5AFFE.root
Begin processing the 1st record. Run 1, Event 29754, LumiSection 51 on stream 0 at 20-Aug-2026 01:05:00.935 UTC
%MSG-f XrdAdaptor:  (NoModuleName) 20-Aug-2026 01:05:35 UTC pre-events
Opened a file at URL root://dtn-06.t2.ucsd.edu:1095//store/mc/RunIISummer20UL17MiniAODv2/SuuToChiChiToZTZTToJets_MSuu-6000_MChi-2000_TuneCP5_13TeV-madgraph-pythia8/MINIAODSIM/106X_mc2017_realistic_v9-v2/130000/34FF48EF-E4F5-CC41-9B1C-7A17B2B5AFFE.root?tried=dtn-06.t2.ucsd.edu&triedrc=resel&xrdcl.requuid=4d286882-f5c3-489e-9fe1-6a2ade0dd367
%MSG
20-Aug-2026 01:05:46 UTC  Closed file root://cmsxrootd.fnal.gov//store/mc/RunIISummer20UL17MiniAODv2/SuuToChiChiToZTZTToJets_MSuu-6000_MChi-2000_TuneCP5_13TeV-madgraph-pythia8/MINIAODSIM/106X_mc2017_realistic_v9-v2/130000/34FF48EF-E4F5-CC41-9B1C-7A17B2B5AFFE.root
20-Aug-2026 01:05:46 UTC  Initiating request to open file root://cmsxrootd.fnal.gov//store/mc/RunIISummer20UL17MiniAODv2/SuuToChiChiToZTZTToJets_MSuu-6000_MChi-2000_TuneCP5_13TeV-madgraph-pythia8/MINIAODSIM/106X_mc2017_realistic_v9-v2/130000/446120FF-86EB-F047-BF51-7D8D067AE647.root
%MSG-f XrdAdaptor:  file_open 20-Aug-2026 01:05:48 UTC PostProcessEvent
Opened a file at URL root://xrd-14.t2.ucsd.edu:1095//store/mc/RunIISummer20UL17MiniAODv2/SuuToChiChiToZTZTToJets_MSuu-6000_MChi-2000_TuneCP5_13TeV-madgraph-pythia8/MINIAODSIM/106X_mc2017_realistic_v9-v2/130000/446120FF-86EB-F047-BF51-7D8D067AE647.root?xrdcl.requuid=e0eece78-8d47-40fa-8ff4-dc5e7a553d4d
%MSG
20-Aug-2026 01:05:49 UTC  Successfully opened file root://cmsxrootd.fnal.gov//store/mc/RunIISummer20UL17MiniAODv2/SuuToChiChiToZTZTToJets_MSuu-6000_MChi-2000_TuneCP5_13TeV-madgraph-pythia8/MINIAODSIM/106X_mc2017_realistic_v9-v2/130000/446120FF-86EB-F047-BF51-7D8D067AE647.root
%MSG-f XrdAdaptor:  (NoModuleName) 20-Aug-2026 01:05:53 UTC pre-events
Opened a file at URL root://dtn-04.t2.ucsd.edu:1095//store/mc/RunIISummer20UL17MiniAODv2/SuuToChiChiToZTZTToJets_MSuu-6000_MChi-2000_TuneCP5_13TeV-madgraph-pythia8/MINIAODSIM/106X_mc2017_realistic_v9-v2/130000/446120FF-86EB-F047-BF51-7D8D067AE647.root?tried=xrd-14.t2.ucsd.edu&triedrc=resel&xrdcl.requuid=55c7cf67-41de-4b28-8579-29e679afa914
%MSG
20-Aug-2026 01:06:23 UTC  Closed file root://cmsxrootd.fnal.gov//store/mc/RunIISummer20UL17MiniAODv2/SuuToChiChiToZTZTToJets_MSuu-6000_MChi-2000_TuneCP5_13TeV-madgraph-pythia8/MINIAODSIM/106X_mc2017_realistic_v9-v2/130000/446120FF-86EB-F047-BF51-7D8D067AE647.root
