20-Aug-2026 01:17:24 UTC  Initiating request to open file root://cmsxrootd.fnal.gov//store/mc/RunIISummer20UL17MiniAODv2/SuuToChiChiToZTZTToJets_MSuu-8000_MChi-3000_TuneCP5_13TeV-madgraph-pythia8/MINIAODSIM/106X_mc2017_realistic_v9-v2/130000/0DBCC9BE-F462-E14E-88E5-B41158CCAE98.root
%MSG-f XrdAdaptor:  file_open 20-Aug-2026 01:17:26 UTC pre-events
Opened a file at URL root://cmsio4.rc.ufl.edu:1094//store/mc/RunIISummer20UL17MiniAODv2/SuuToChiChiToZTZTToJets_MSuu-8000_MChi-3000_TuneCP5_13TeV-madgraph-pythia8/MINIAODSIM/106X_mc2017_realistic_v9-v2/130000/0DBCC9BE-F462-E14E-88E5-B41158CCAE98.root?xrdcl.requuid=7e431f3e-501d-49cc-9297-f6878f16ab7e
%MSG
20-Aug-2026 01:17:30 UTC  Successfully opened file root://cmsxrootd.fnal.gov//store/mc/RunIISummer20UL17MiniAODv2/SuuToChiChiToZTZTToJets_MSuu-8000_MChi-3000_TuneCP5_13TeV-madgraph-pythia8/MINIAODSIM/106X_mc2017_realistic_v9-v2/130000/0DBCC9BE-F462-E14E-88E5-B41158CCAE98.root
Begin processing the 1st record. Run 1, Event 22073, LumiSection 63 on stream 0 at 20-Aug-2026 01:17:32.343 UTC
%MSG-f XrdAdaptor:  (NoModuleName) 20-Aug-2026 01:17:32 UTC pre-events
Opened a file at URL root://cmsio6.rc.ufl.edu:1094//store/mc/RunIISummer20UL17MiniAODv2/SuuToChiChiToZTZTToJets_MSuu-8000_MChi-3000_TuneCP5_13TeV-madgraph-pythia8/MINIAODSIM/106X_mc2017_realistic_v9-v2/130000/0DBCC9BE-F462-E14E-88E5-B41158CCAE98.root?tried=cmsio4.rc.ufl.edu&triedrc=resel&xrdcl.requuid=7105a17e-58f5-426d-90ad-7e83ca259bfd
%MSG
20-Aug-2026 01:18:42 UTC  Closed file root://cmsxrootd.fnal.gov//store/mc/RunIISummer20UL17MiniAODv2/SuuToChiChiToZTZTToJets_MSuu-8000_MChi-3000_TuneCP5_13TeV-madgraph-pythia8/MINIAODSIM/106X_mc2017_realistic_v9-v2/130000/0DBCC9BE-F462-E14E-88E5-B41158CCAE98.root
20-Aug-2026 01:18:42 UTC  Initiating request to open file root://cmsxrootd.fnal.gov//store/mc/RunIISummer20UL17MiniAODv2/SuuToChiChiToZTZTToJets_MSuu-8000_MChi-3000_TuneCP5_13TeV-madgraph-pythia8/MINIAODSIM/106X_mc2017_realistic_v9-v2/130000/11EF46D1-79B6-3140-B88C-E0D523C9AE94.root
%MSG-f XrdAdaptor:  file_open 20-Aug-2026 01:18:43 UTC PostProcessEvent
Opened a file at URL root://cmsio2.rc.ufl.edu:1094//store/mc/RunIISummer20UL17MiniAODv2/SuuToChiChiToZTZTToJets_MSuu-8000_MChi-3000_TuneCP5_13TeV-madgraph-pythia8/MINIAODSIM/106X_mc2017_realistic_v9-v2/130000/11EF46D1-79B6-3140-B88C-E0D523C9AE94.root?xrdcl.requuid=d77eecec-cf46-48eb-b977-fdb56951b058
%MSG
20-Aug-2026 01:18:44 UTC  Successfully opened file root://cmsxrootd.fnal.gov//store/mc/RunIISummer20UL17MiniAODv2/SuuToChiChiToZTZTToJets_MSuu-8000_MChi-3000_TuneCP5_13TeV-madgraph-pythia8/MINIAODSIM/106X_mc2017_realistic_v9-v2/130000/11EF46D1-79B6-3140-B88C-E0D523C9AE94.root
20-Aug-2026 01:19:04 UTC  Closed file root://cmsxrootd.fnal.gov//store/mc/RunIISummer20UL17MiniAODv2/SuuToChiChiToZTZTToJets_MSuu-8000_MChi-3000_TuneCP5_13TeV-madgraph-pythia8/MINIAODSIM/106X_mc2017_realistic_v9-v2/130000/11EF46D1-79B6-3140-B88C-E0D523C9AE94.root
20-Aug-2026 01:19:04 UTC  Initiating request to open file root://cmsxrootd.fnal.gov//store/mc/RunIISummer20UL17MiniAODv2/SuuToChiChiToZTZTToJets_MSuu-8000_MChi-3000_TuneCP5_13TeV-madgraph-pythia8/MINIAODSIM/106X_mc2017_realistic_v9-v2/130000/164538D1-3988-1045-9CB9-DF05AF09AA54.root
%MSG-f XrdAdaptor:  file_open 20-Aug-2026 01:19:05 UTC PostProcessEvent
Opened a file at URL root://cmsio5.rc.ufl.edu:1094//store/mc/RunIISummer20UL17MiniAODv2/SuuToChiChiToZTZTToJets_MSuu-8000_MChi-3000_TuneCP5_13TeV-madgraph-pythia8/MINIAODSIM/106X_mc2017_realistic_v9-v2/130000/164538D1-3988-1045-9CB9-DF05AF09AA54.root?xrdcl.requuid=b3428271-5a74-40db-9161-326151692ef0
%MSG
20-Aug-2026 01:19:07 UTC  Successfully opened file root://cmsxrootd.fnal.gov//store/mc/RunIISummer20UL17MiniAODv2/SuuToChiChiToZTZTToJets_MSuu-8000_MChi-3000_TuneCP5_13TeV-madgraph-pythia8/MINIAODSIM/106X_mc2017_realistic_v9-v2/130000/164538D1-3988-1045-9CB9-DF05AF09AA54.root
20-Aug-2026 01:19:27 UTC  Closed file root://cmsxrootd.fnal.gov//store/mc/RunIISummer20UL17MiniAODv2/SuuToChiChiToZTZTToJets_MSuu-8000_MChi-3000_TuneCP5_13TeV-madgraph-pythia8/MINIAODSIM/106X_mc2017_realistic_v9-v2/130000/164538D1-3988-1045-9CB9-DF05AF09AA54.root
