[FERMIHTC-APPTAINER]: INFO -- ApptainerImage classAd detected
[FERMIHTC-APPTAINER]: INFO -- Attempting to run job in /cvmfs/singularity.opensciencegrid.org/cmssw/cms:rhel9
[FERMIHTC-APPTAINER]: INFO -- Running /cvmfs/oasis.opensciencegrid.org/mis/apptainer/current/bin/apptainer exec --pid --ipc --contain --bind /cvmfs --bind /etc/hosts --bind /etc/grid-security --home /storage/local/data1/condor/execute/dir_1675487:/srv --pwd /srv /cvmfs/singularity.opensciencegrid.org/cmssw/cms:rhel9 ./run_ntuplizer_scan_pt_ak_ca_th.sh HtHt_4000_1000 360 0.6 1.2 0.85 6 12 85
Starting job at Thu Aug 20 01:26:27 UTC 2026
Host: aji-3867333-6981-cmswn2210.fnal.gov
OS: AlmaLinux release 9.8 (Olive Jaguar)
Scratch directory: /srv
Parameters: sample=HtHt_4000_1000, pt=360, ak=0.6, ca=1.2, th=0.85
Downloading root://cmseos.fnal.gov//store/user/aji/condor_inputs/CMSSW_15_0_19_existingOptimization.tgz
Done: ProjectRename
#--------------------------------------------------------------------------
#                         FastJet release 3.4.1
#                 M. Cacciari, G.P. Salam and G. Soyez                  
#     A software package for jet finding and analysis at colliders      
#                           http://fastjet.fr                           
#	                                                                      
# Please cite EPJC72(2012)1896 [arXiv:1111.6097] if you use this package
# for scientific work and optionally PLB641(2006)57 [hep-ph/0512210].   
#                                                                       
# FastJet is provided without warranty under the GNU GPL v2 or higher.  
# It uses T. Chan's closest pair algorithm, S. Fortune's Voronoi code
# and 3rd party plugin jet algorithms. See COPYING file for details.
#--------------------------------------------------------------------------
Copying output to root://cmseos.fnal.gov//store/user/aji/rootfiles_existingOptimization/HtHt_4000_1000_pt360_ak6_ca12_th85.root
Job completed successfully at Thu Aug 20 01:29:45 UTC 2026
