20-Aug-2026 01:00:03 UTC  Initiating request to open file root://cmsxrootd.fnal.gov//store/mc/RunIISummer20UL17MiniAODv2/SuuToChiChiToZTZTToJets_MSuu-6000_MChi-2000_TuneCP5_13TeV-madgraph-pythia8/MINIAODSIM/106X_mc2017_realistic_v9-v2/130000/34FF48EF-E4F5-CC41-9B1C-7A17B2B5AFFE.root
%MSG-f XrdAdaptor:  file_open 20-Aug-2026 01:00:05 UTC pre-events
Opened a file at URL root://xrd-12.t2.ucsd.edu:1095//store/mc/RunIISummer20UL17MiniAODv2/SuuToChiChiToZTZTToJets_MSuu-6000_MChi-2000_TuneCP5_13TeV-madgraph-pythia8/MINIAODSIM/106X_mc2017_realistic_v9-v2/130000/34FF48EF-E4F5-CC41-9B1C-7A17B2B5AFFE.root?xrdcl.requuid=e94d6964-94af-4773-b7a3-8becc25c7332
%MSG
20-Aug-2026 01:00:09 UTC  Successfully opened file root://cmsxrootd.fnal.gov//store/mc/RunIISummer20UL17MiniAODv2/SuuToChiChiToZTZTToJets_MSuu-6000_MChi-2000_TuneCP5_13TeV-madgraph-pythia8/MINIAODSIM/106X_mc2017_realistic_v9-v2/130000/34FF48EF-E4F5-CC41-9B1C-7A17B2B5AFFE.root
Begin processing the 1st record. Run 1, Event 29754, LumiSection 51 on stream 0 at 20-Aug-2026 01:00:11.534 UTC
[2026-08-20 01:00:14.605692 +0000][Error  ][AsyncSock         ] [dtn-06.t2.ucsd.edu:1095.0] Unable to connect: no route to host
[2026-08-20 01:00:14.605835 +0000][Error  ][PostMaster        ] [dtn-06.t2.ucsd.edu:1095] elapsed = 3, pConnectionWindow = 31 seconds.
%MSG-f XrdAdaptor:  (NoModuleName) 20-Aug-2026 01:00:15 UTC pre-events
Opened a file at URL root://dtn-06.t2.ucsd.edu:1095//store/mc/RunIISummer20UL17MiniAODv2/SuuToChiChiToZTZTToJets_MSuu-6000_MChi-2000_TuneCP5_13TeV-madgraph-pythia8/MINIAODSIM/106X_mc2017_realistic_v9-v2/130000/34FF48EF-E4F5-CC41-9B1C-7A17B2B5AFFE.root?tried=xrd-12.t2.ucsd.edu&triedrc=resel&xrdcl.requuid=9ae392a4-c308-40a6-bcba-1bfc5e10e3f4
%MSG
20-Aug-2026 01:00:57 UTC  Closed file root://cmsxrootd.fnal.gov//store/mc/RunIISummer20UL17MiniAODv2/SuuToChiChiToZTZTToJets_MSuu-6000_MChi-2000_TuneCP5_13TeV-madgraph-pythia8/MINIAODSIM/106X_mc2017_realistic_v9-v2/130000/34FF48EF-E4F5-CC41-9B1C-7A17B2B5AFFE.root
20-Aug-2026 01:00:57 UTC  Initiating request to open file root://cmsxrootd.fnal.gov//store/mc/RunIISummer20UL17MiniAODv2/SuuToChiChiToZTZTToJets_MSuu-6000_MChi-2000_TuneCP5_13TeV-madgraph-pythia8/MINIAODSIM/106X_mc2017_realistic_v9-v2/130000/446120FF-86EB-F047-BF51-7D8D067AE647.root
%MSG-f XrdAdaptor:  file_open 20-Aug-2026 01:00:58 UTC PostProcessEvent
Opened a file at URL root://dtn-04.t2.ucsd.edu:1095//store/mc/RunIISummer20UL17MiniAODv2/SuuToChiChiToZTZTToJets_MSuu-6000_MChi-2000_TuneCP5_13TeV-madgraph-pythia8/MINIAODSIM/106X_mc2017_realistic_v9-v2/130000/446120FF-86EB-F047-BF51-7D8D067AE647.root?xrdcl.requuid=da45708e-de7c-42da-8767-d6d79f23e6f0
%MSG
20-Aug-2026 01:00:59 UTC  Successfully opened file root://cmsxrootd.fnal.gov//store/mc/RunIISummer20UL17MiniAODv2/SuuToChiChiToZTZTToJets_MSuu-6000_MChi-2000_TuneCP5_13TeV-madgraph-pythia8/MINIAODSIM/106X_mc2017_realistic_v9-v2/130000/446120FF-86EB-F047-BF51-7D8D067AE647.root
%MSG-f XrdAdaptor:  (NoModuleName) 20-Aug-2026 01:01:04 UTC pre-events
Opened a file at URL root://dtn-02.t2.ucsd.edu:1095//store/mc/RunIISummer20UL17MiniAODv2/SuuToChiChiToZTZTToJets_MSuu-6000_MChi-2000_TuneCP5_13TeV-madgraph-pythia8/MINIAODSIM/106X_mc2017_realistic_v9-v2/130000/446120FF-86EB-F047-BF51-7D8D067AE647.root?tried=dtn-04.t2.ucsd.edu&triedrc=resel&xrdcl.requuid=b68ce13d-f44b-4c48-8eb7-0d41a85c9be4
%MSG
%MSG-f XrdAdaptorLvl3:  PreProcPath p 20-Aug-2026 01:01:06 UTC  Run: 1 Event: 6569
Deactivating dtn-02.t2.ucsd.edu from active sources because its quality (1067) is higher than 260 and 4 times larger than the other active server dtn-04.t2.ucsd.edu (176) 
%MSG
20-Aug-2026 01:01:40 UTC  Closed file root://cmsxrootd.fnal.gov//store/mc/RunIISummer20UL17MiniAODv2/SuuToChiChiToZTZTToJets_MSuu-6000_MChi-2000_TuneCP5_13TeV-madgraph-pythia8/MINIAODSIM/106X_mc2017_realistic_v9-v2/130000/446120FF-86EB-F047-BF51-7D8D067AE647.root
