20-Aug-2026 00:36:25 UTC  Initiating request to open file root://cmsxrootd.fnal.gov//store/mc/RunIISummer20UL17MiniAODv2/SuuToChiChiToWBHTToJets_MSuu-8000_MChi-3000_TuneCP5_13TeV-madgraph-pythia8/MINIAODSIM/106X_mc2017_realistic_v9-v3/80000/20100574-5996-634F-8AF2-8AB221EE4261.root
%MSG-f XrdAdaptor:  file_open 20-Aug-2026 00:36:41 UTC pre-events
Opened a file at URL root://dm-s11-14-31.cr.cnaf.infn.it:1094//store/mc/RunIISummer20UL17MiniAODv2/SuuToChiChiToWBHTToJets_MSuu-8000_MChi-3000_TuneCP5_13TeV-madgraph-pythia8/MINIAODSIM/106X_mc2017_realistic_v9-v3/80000/20100574-5996-634F-8AF2-8AB221EE4261.root?tried=+1213cmsxrootd2.fnal.gov1213xrootd.unl.edu&xrdcl.requuid=949478a4-c09a-47fd-9e69-20b9cf16ac5a
%MSG
20-Aug-2026 00:36:45 UTC  Successfully opened file root://cmsxrootd.fnal.gov//store/mc/RunIISummer20UL17MiniAODv2/SuuToChiChiToWBHTToJets_MSuu-8000_MChi-3000_TuneCP5_13TeV-madgraph-pythia8/MINIAODSIM/106X_mc2017_realistic_v9-v3/80000/20100574-5996-634F-8AF2-8AB221EE4261.root
%MSG-f XrdAdaptor:  (NoModuleName) 20-Aug-2026 00:36:48 UTC pre-events
Opened a file at URL root://dm-s11-14-29.cr.cnaf.infn.it:1094//store/mc/RunIISummer20UL17MiniAODv2/SuuToChiChiToWBHTToJets_MSuu-8000_MChi-3000_TuneCP5_13TeV-madgraph-pythia8/MINIAODSIM/106X_mc2017_realistic_v9-v3/80000/20100574-5996-634F-8AF2-8AB221EE4261.root?tried=+1213cmsxrootd2.fnal.gov1213xrootd.unl.edu,dm-s11-14-31.cr.cnaf.infn.it&triedrc=resel&xrdcl.requuid=e576f83e-b347-4c80-b4f5-4ce9804da4fa
%MSG
%MSG-f XrdAdaptorLvl3:  source 20-Aug-2026 00:37:09 UTC PreSource
Deactivating dm-s11-14-29.cr.cnaf.infn.it from active sources because its quality (2271) is higher than 260 and 4 times larger than the other active server dm-s11-14-31.cr.cnaf.infn.it (544) 
%MSG
Begin processing the 1st record. Run 1, Event 6005, LumiSection 7 on stream 0 at 20-Aug-2026 00:37:16.847 UTC
%MSG-f XrdAdaptor:  (NoModuleName) 20-Aug-2026 00:39:33 UTC pre-events
Opened a file at URL root://dc066.pic.es:21128//store/mc/RunIISummer20UL17MiniAODv2/SuuToChiChiToWBHTToJets_MSuu-8000_MChi-3000_TuneCP5_13TeV-madgraph-pythia8/MINIAODSIM/106X_mc2017_realistic_v9-v3/80000/20100574-5996-634F-8AF2-8AB221EE4261.root?org.dcache.uuid=0f539594-8a95-4da4-9749-4a1ca6f001bf&org.dcache.xrootd.client=aji.624@cmswn2224.fnal.gov&tried=+1213cmsxrootd2.fnal.gov1213xrootd.unl.edu,dm-s11-14-31.cr.cnaf.infn.it,dm-s11-14-29.cr.cnaf.infn.it,xrootd-cms-01.cr.cnaf.infn.it,xrootd-cms.infn.it&triedrc=resel,enoent&xrd.logintoken=org.dcache.door=2001:67c:1148:201:0:0:0:13:1094&xrdcl.requuid=78241693-1a85-42ed-ba2c-04236fe537a2
%MSG
%MSG-f XrdAdaptorLvl3:  PreProcPath p 20-Aug-2026 00:40:18 UTC  Run: 1 Event: 6018
Deactivating dm-s11-14-31.cr.cnaf.infn.it from active sources because the quality (41440) is above 5130 and it is not the only active server
%MSG
%MSG-f XrdAdaptorLvl3:  PreProcPath p 20-Aug-2026 00:40:18 UTC  Run: 1 Event: 6018
Deactivating dm-s11-14-31.cr.cnaf.infn.it from active sources because its quality (41440) is higher than 260 and 4 times larger than the other active server dc066.pic.es (260) 
%MSG
%MSG-f XrdAdaptor:  (NoModuleName) 20-Aug-2026 00:40:19 UTC pre-events
Opened a file at URL root://dc066.pic.es:21128//store/mc/RunIISummer20UL17MiniAODv2/SuuToChiChiToWBHTToJets_MSuu-8000_MChi-3000_TuneCP5_13TeV-madgraph-pythia8/MINIAODSIM/106X_mc2017_realistic_v9-v3/80000/20100574-5996-634F-8AF2-8AB221EE4261.root?org.dcache.uuid=8113c8b3-d8b7-4866-b3a0-55e63915e51a&org.dcache.xrootd.client=aji.624@cmswn2224.fnal.gov&tried=+1213cmsxrootd2.fnal.gov1213xrootd.unl.edu,dm-s11-14-31.cr.cnaf.infn.it,cms-xrd-global.cern.ch,dm-s11-14-29.cr.cnaf.infn.it&triedrc=resel&xrd.logintoken=org.dcache.door=2001:67c:1148:201:0:0:0:13:1094&xrdcl.requuid=93e96da5-aad7-4b37-a7a9-8b4bc9841f79
%MSG
%MSG-f XrdAdaptor:  (NoModuleName) 20-Aug-2026 00:41:04 UTC pre-events
Opened a file at URL root://dc066.pic.es:21128//store/mc/RunIISummer20UL17MiniAODv2/SuuToChiChiToWBHTToJets_MSuu-8000_MChi-3000_TuneCP5_13TeV-madgraph-pythia8/MINIAODSIM/106X_mc2017_realistic_v9-v3/80000/20100574-5996-634F-8AF2-8AB221EE4261.root?org.dcache.uuid=22d6a69c-5ecf-4f43-bce6-15bfbeb4250d&org.dcache.xrootd.client=aji.624@cmswn2224.fnal.gov&tried=+1213cmsxrootd2.fnal.gov1213xrootd.unl.edu,cms-xrd-global.cern.ch,dm-s11-14-29.cr.cnaf.infn.it,dm-s11-14-31.cr.cnaf.infn.it&triedrc=resel&xrd.logintoken=org.dcache.door=2001:67c:1148:201:0:0:0:13:1094&xrdcl.requuid=d55fc7f9-3354-4715-a23e-b8bfb58ab53b
%MSG
20-Aug-2026 00:41:09 UTC  Closed file root://cmsxrootd.fnal.gov//store/mc/RunIISummer20UL17MiniAODv2/SuuToChiChiToWBHTToJets_MSuu-8000_MChi-3000_TuneCP5_13TeV-madgraph-pythia8/MINIAODSIM/106X_mc2017_realistic_v9-v3/80000/20100574-5996-634F-8AF2-8AB221EE4261.root
