19-Aug-2026 23:12:49 UTC  Initiating request to open file root://cmsxrootd.fnal.gov//store/mc/RunIISummer20UL17MiniAODv2/SuuToChiChiToWBZTToJets_MSuu-6000_MChi-2000_TuneCP5_13TeV-madgraph-pythia8/MINIAODSIM/106X_mc2017_realistic_v9-v1/2550000/665949D3-F52D-D34A-B815-7E6706B55848.root
%MSG-f XrdAdaptor:  file_open 19-Aug-2026 23:16:00 UTC pre-events
Opened a file at URL root://dm-s11-14-29.cr.cnaf.infn.it:1094//store/mc/RunIISummer20UL17MiniAODv2/SuuToChiChiToWBZTToJets_MSuu-6000_MChi-2000_TuneCP5_13TeV-madgraph-pythia8/MINIAODSIM/106X_mc2017_realistic_v9-v1/2550000/665949D3-F52D-D34A-B815-7E6706B55848.root?tried=+1313xrootd-es-pic.pic.es,+1213cmsxrootd2.fnal.gov1213xrootd.unl.edu,gaexroot01.ciemat.es,gaexroot01.ciemat.es,xrootd-es-cie.ciemat.es&xrdcl.requuid=c58d620e-c7f7-4733-a376-1b842680aa38
%MSG
19-Aug-2026 23:16:04 UTC  Successfully opened file root://cmsxrootd.fnal.gov//store/mc/RunIISummer20UL17MiniAODv2/SuuToChiChiToWBZTToJets_MSuu-6000_MChi-2000_TuneCP5_13TeV-madgraph-pythia8/MINIAODSIM/106X_mc2017_realistic_v9-v1/2550000/665949D3-F52D-D34A-B815-7E6706B55848.root
%MSG-f XrdAdaptor:  (NoModuleName) 19-Aug-2026 23:16:09 UTC pre-events
Opened a file at URL root://gaeds016.ciemat.es:25000//store/mc/RunIISummer20UL17MiniAODv2/SuuToChiChiToWBZTToJets_MSuu-6000_MChi-2000_TuneCP5_13TeV-madgraph-pythia8/MINIAODSIM/106X_mc2017_realistic_v9-v1/2550000/665949D3-F52D-D34A-B815-7E6706B55848.root?org.dcache.uuid=f0254714-d054-40df-ac0a-e3d436661212&org.dcache.xrootd.client=aji.625@cmswn2179.fnal.gov&tried=+1213cmsxrootd2.fnal.gov1213xrootd.unl.edu,dm-s11-14-29.cr.cnaf.infn.it&triedrc=resel&xrd.logintoken=org.dcache.door=2001:720:42c:aaee:0:0:c065:a1b7:1094&xrdcl.requuid=d977dc0a-67b9-457c-af10-b7aee368e73c
%MSG
Begin processing the 1st record. Run 1, Event 2, LumiSection 1 on stream 0 at 19-Aug-2026 23:16:29.129 UTC
%MSG-f XrdAdaptorLvl3:  PreProcPath p 19-Aug-2026 23:17:39 UTC Run: 1 Event: 14
Deactivating dm-s11-14-29.cr.cnaf.infn.it from active sources because the quality (12785) is above 5130 and it is not the only active server
%MSG
%MSG-f XrdAdaptorLvl3:  PreProcPath p 19-Aug-2026 23:17:39 UTC Run: 1 Event: 14
Deactivating dm-s11-14-29.cr.cnaf.infn.it from active sources because its quality (12785) is higher than 260 and 4 times larger than the other active server gaeds016.ciemat.es (1247) 
%MSG
%MSG-f XrdAdaptor:  (NoModuleName) 19-Aug-2026 23:18:27 UTC pre-events
Opened a file at URL root://gaeds016.ciemat.es:25000//store/mc/RunIISummer20UL17MiniAODv2/SuuToChiChiToWBZTToJets_MSuu-6000_MChi-2000_TuneCP5_13TeV-madgraph-pythia8/MINIAODSIM/106X_mc2017_realistic_v9-v1/2550000/665949D3-F52D-D34A-B815-7E6706B55848.root?org.dcache.uuid=55e8fdfd-96db-44e9-a82c-c92587095f38&org.dcache.xrootd.client=aji.625@cmswn2179.fnal.gov&tried=+1213cmsxrootd2.fnal.gov1213xrootd.unl.edu,gaexroot01.ciemat.es,dm-s11-14-29.cr.cnaf.infn.it&triedrc=resel&xrd.logintoken=org.dcache.door=2001:720:42c:aaee:0:0:c065:a1b7:1094&xrdcl.requuid=4ce22cda-252d-48b7-ade7-26522c1bbf8b
%MSG
%MSG-f XrdAdaptor:  (NoModuleName) 19-Aug-2026 23:18:39 UTC pre-events
Opened a file at URL root://gaeds016.ciemat.es:25000//store/mc/RunIISummer20UL17MiniAODv2/SuuToChiChiToWBZTToJets_MSuu-6000_MChi-2000_TuneCP5_13TeV-madgraph-pythia8/MINIAODSIM/106X_mc2017_realistic_v9-v1/2550000/665949D3-F52D-D34A-B815-7E6706B55848.root?org.dcache.uuid=30f8d904-3a85-40af-8aad-77e5a08dff69&org.dcache.xrootd.client=aji.625@cmswn2179.fnal.gov&tried=+1213cmsxrootd2.fnal.gov1213xrootd.unl.edu,gaexroot01.ciemat.es,dm-s11-14-29.cr.cnaf.infn.it&triedrc=resel&xrd.logintoken=org.dcache.door=2001:720:42c:aaee:0:0:c065:a1b7:1094&xrdcl.requuid=83a9bc1d-95f1-4ea1-bcb7-5a95d26f3d16
%MSG
19-Aug-2026 23:18:40 UTC  Closed file root://cmsxrootd.fnal.gov//store/mc/RunIISummer20UL17MiniAODv2/SuuToChiChiToWBZTToJets_MSuu-6000_MChi-2000_TuneCP5_13TeV-madgraph-pythia8/MINIAODSIM/106X_mc2017_realistic_v9-v1/2550000/665949D3-F52D-D34A-B815-7E6706B55848.root
