20-Aug-2026 01:12:13 UTC  Initiating request to open file root://cmsxrootd.fnal.gov//store/mc/RunIISummer20UL17MiniAODv2/SuuToChiChiToZTZTToJets_MSuu-8000_MChi-3000_TuneCP5_13TeV-madgraph-pythia8/MINIAODSIM/106X_mc2017_realistic_v9-v2/130000/0DBCC9BE-F462-E14E-88E5-B41158CCAE98.root
%MSG-f XrdAdaptor:  file_open 20-Aug-2026 01:12:15 UTC pre-events
Opened a file at URL root://cmsio4.rc.ufl.edu:1094//store/mc/RunIISummer20UL17MiniAODv2/SuuToChiChiToZTZTToJets_MSuu-8000_MChi-3000_TuneCP5_13TeV-madgraph-pythia8/MINIAODSIM/106X_mc2017_realistic_v9-v2/130000/0DBCC9BE-F462-E14E-88E5-B41158CCAE98.root?xrdcl.requuid=f824b0a1-75ab-4783-8ee0-c0cbcd4ca722
%MSG
20-Aug-2026 01:12:18 UTC  Successfully opened file root://cmsxrootd.fnal.gov//store/mc/RunIISummer20UL17MiniAODv2/SuuToChiChiToZTZTToJets_MSuu-8000_MChi-3000_TuneCP5_13TeV-madgraph-pythia8/MINIAODSIM/106X_mc2017_realistic_v9-v2/130000/0DBCC9BE-F462-E14E-88E5-B41158CCAE98.root
Begin processing the 1st record. Run 1, Event 22073, LumiSection 63 on stream 0 at 20-Aug-2026 01:12:19.857 UTC
%MSG-f XrdAdaptor:  (NoModuleName) 20-Aug-2026 01:13:01 UTC pre-events
Opened a file at URL root://cmsio2.rc.ufl.edu:1094//store/mc/RunIISummer20UL17MiniAODv2/SuuToChiChiToZTZTToJets_MSuu-8000_MChi-3000_TuneCP5_13TeV-madgraph-pythia8/MINIAODSIM/106X_mc2017_realistic_v9-v2/130000/0DBCC9BE-F462-E14E-88E5-B41158CCAE98.root?tried=cmsio4.rc.ufl.edu&triedrc=resel&xrdcl.requuid=a8e7d5e7-a826-4561-a9ab-6b981f7f861c
%MSG
20-Aug-2026 01:13:33 UTC  Closed file root://cmsxrootd.fnal.gov//store/mc/RunIISummer20UL17MiniAODv2/SuuToChiChiToZTZTToJets_MSuu-8000_MChi-3000_TuneCP5_13TeV-madgraph-pythia8/MINIAODSIM/106X_mc2017_realistic_v9-v2/130000/0DBCC9BE-F462-E14E-88E5-B41158CCAE98.root
20-Aug-2026 01:13:33 UTC  Initiating request to open file root://cmsxrootd.fnal.gov//store/mc/RunIISummer20UL17MiniAODv2/SuuToChiChiToZTZTToJets_MSuu-8000_MChi-3000_TuneCP5_13TeV-madgraph-pythia8/MINIAODSIM/106X_mc2017_realistic_v9-v2/130000/11EF46D1-79B6-3140-B88C-E0D523C9AE94.root
%MSG-f XrdAdaptor:  file_open 20-Aug-2026 01:13:35 UTC PostProcessEvent
Opened a file at URL root://cmsio5.rc.ufl.edu:1094//store/mc/RunIISummer20UL17MiniAODv2/SuuToChiChiToZTZTToJets_MSuu-8000_MChi-3000_TuneCP5_13TeV-madgraph-pythia8/MINIAODSIM/106X_mc2017_realistic_v9-v2/130000/11EF46D1-79B6-3140-B88C-E0D523C9AE94.root?xrdcl.requuid=e35eebd5-71ba-4dc6-9ad5-5935efffeca7
%MSG
20-Aug-2026 01:13:36 UTC  Successfully opened file root://cmsxrootd.fnal.gov//store/mc/RunIISummer20UL17MiniAODv2/SuuToChiChiToZTZTToJets_MSuu-8000_MChi-3000_TuneCP5_13TeV-madgraph-pythia8/MINIAODSIM/106X_mc2017_realistic_v9-v2/130000/11EF46D1-79B6-3140-B88C-E0D523C9AE94.root
20-Aug-2026 01:14:31 UTC  Closed file root://cmsxrootd.fnal.gov//store/mc/RunIISummer20UL17MiniAODv2/SuuToChiChiToZTZTToJets_MSuu-8000_MChi-3000_TuneCP5_13TeV-madgraph-pythia8/MINIAODSIM/106X_mc2017_realistic_v9-v2/130000/11EF46D1-79B6-3140-B88C-E0D523C9AE94.root
20-Aug-2026 01:14:31 UTC  Initiating request to open file root://cmsxrootd.fnal.gov//store/mc/RunIISummer20UL17MiniAODv2/SuuToChiChiToZTZTToJets_MSuu-8000_MChi-3000_TuneCP5_13TeV-madgraph-pythia8/MINIAODSIM/106X_mc2017_realistic_v9-v2/130000/164538D1-3988-1045-9CB9-DF05AF09AA54.root
%MSG-f XrdAdaptor:  file_open 20-Aug-2026 01:14:32 UTC PostProcessEvent
Opened a file at URL root://cmsio2.rc.ufl.edu:1094//store/mc/RunIISummer20UL17MiniAODv2/SuuToChiChiToZTZTToJets_MSuu-8000_MChi-3000_TuneCP5_13TeV-madgraph-pythia8/MINIAODSIM/106X_mc2017_realistic_v9-v2/130000/164538D1-3988-1045-9CB9-DF05AF09AA54.root?xrdcl.requuid=db3af61b-67e7-419f-b0d8-cc0ee7961ac3
%MSG
20-Aug-2026 01:14:34 UTC  Successfully opened file root://cmsxrootd.fnal.gov//store/mc/RunIISummer20UL17MiniAODv2/SuuToChiChiToZTZTToJets_MSuu-8000_MChi-3000_TuneCP5_13TeV-madgraph-pythia8/MINIAODSIM/106X_mc2017_realistic_v9-v2/130000/164538D1-3988-1045-9CB9-DF05AF09AA54.root
20-Aug-2026 01:15:13 UTC  Closed file root://cmsxrootd.fnal.gov//store/mc/RunIISummer20UL17MiniAODv2/SuuToChiChiToZTZTToJets_MSuu-8000_MChi-3000_TuneCP5_13TeV-madgraph-pythia8/MINIAODSIM/106X_mc2017_realistic_v9-v2/130000/164538D1-3988-1045-9CB9-DF05AF09AA54.root
