19-Aug-2026 23:24:33 UTC  Initiating request to open file root://cmsxrootd.fnal.gov//store/mc/RunIISummer20UL17MiniAODv2/SuuToChiChiToWBZTToJets_MSuu-6000_MChi-2000_TuneCP5_13TeV-madgraph-pythia8/MINIAODSIM/106X_mc2017_realistic_v9-v1/2550000/665949D3-F52D-D34A-B815-7E6706B55848.root
%MSG-f XrdAdaptor:  file_open 19-Aug-2026 23:31:46 UTC pre-events
Opened a file at URL root://dm-s11-14-29.cr.cnaf.infn.it:1094//store/mc/RunIISummer20UL17MiniAODv2/SuuToChiChiToWBZTToJets_MSuu-6000_MChi-2000_TuneCP5_13TeV-madgraph-pythia8/MINIAODSIM/106X_mc2017_realistic_v9-v1/2550000/665949D3-F52D-D34A-B815-7E6706B55848.root?tried=+1313xrootd-es-pic.pic.es,+1213cmsxrootd2.fnal.gov,gaexrdoor.ciemat.es,gaexroot01.ciemat.es,gaexroot01.ciemat.es,xrootd-es-cie.ciemat.es&xrdcl.requuid=59efc251-0a5f-4d15-9e78-6561b7fd995e
%MSG
19-Aug-2026 23:31:50 UTC  Successfully opened file root://cmsxrootd.fnal.gov//store/mc/RunIISummer20UL17MiniAODv2/SuuToChiChiToWBZTToJets_MSuu-6000_MChi-2000_TuneCP5_13TeV-madgraph-pythia8/MINIAODSIM/106X_mc2017_realistic_v9-v1/2550000/665949D3-F52D-D34A-B815-7E6706B55848.root
%MSG-f XrdAdaptor:  (NoModuleName) 19-Aug-2026 23:32:18 UTC pre-events
Opened a file at URL root://gaeds016.ciemat.es:25000//store/mc/RunIISummer20UL17MiniAODv2/SuuToChiChiToWBZTToJets_MSuu-6000_MChi-2000_TuneCP5_13TeV-madgraph-pythia8/MINIAODSIM/106X_mc2017_realistic_v9-v1/2550000/665949D3-F52D-D34A-B815-7E6706B55848.root?org.dcache.uuid=1a88e9dd-5dcd-4abb-bc36-fe3bac955145&org.dcache.xrootd.client=aji.625@cmswn2245.fnal.gov&tried=+1213cmsxrootd2.fnal.gov,dm-s11-14-29.cr.cnaf.infn.it&triedrc=resel&xrd.logintoken=org.dcache.door=2001:720:42c:aaee:0:0:c065:a1ad:1094&xrdcl.requuid=e864b7d9-2c82-45be-a631-4f1248b50f51
%MSG
%MSG-f XrdAdaptorLvl3:  source 19-Aug-2026 23:32:19 UTC PreSource
Deactivating dm-s11-14-29.cr.cnaf.infn.it from active sources because its quality (1216) is higher than 260 and 4 times larger than the other active server gaeds016.ciemat.es (260) 
%MSG
Begin processing the 1st record. Run 1, Event 2, LumiSection 1 on stream 0 at 19-Aug-2026 23:32:20.703 UTC
%MSG-f XrdAdaptor:  (NoModuleName) 19-Aug-2026 23:32:31 UTC pre-events
Opened a file at URL root://gaeds016.ciemat.es:25000//store/mc/RunIISummer20UL17MiniAODv2/SuuToChiChiToWBZTToJets_MSuu-6000_MChi-2000_TuneCP5_13TeV-madgraph-pythia8/MINIAODSIM/106X_mc2017_realistic_v9-v1/2550000/665949D3-F52D-D34A-B815-7E6706B55848.root?org.dcache.uuid=60e01a39-e5a1-42ac-af2c-de8bd8e14197&org.dcache.xrootd.client=aji.625@cmswn2245.fnal.gov&tried=+1213cmsxrootd2.fnal.gov,dm-s11-14-29.cr.cnaf.infn.it,cms-xrd-global.cern.ch&triedrc=resel&xrd.logintoken=org.dcache.door=2001:720:42c:aaee:0:0:c065:a1ad:1094&xrdcl.requuid=bcffd4c9-227f-49c7-839b-6feb7506faec
%MSG
%MSG-f XrdAdaptor:  (NoModuleName) 19-Aug-2026 23:32:56 UTC pre-events
Opened a file at URL root://gaeds016.ciemat.es:25000//store/mc/RunIISummer20UL17MiniAODv2/SuuToChiChiToWBZTToJets_MSuu-6000_MChi-2000_TuneCP5_13TeV-madgraph-pythia8/MINIAODSIM/106X_mc2017_realistic_v9-v1/2550000/665949D3-F52D-D34A-B815-7E6706B55848.root?org.dcache.uuid=5a169ef4-4499-4d66-8625-8a3c7d1248d2&org.dcache.xrootd.client=aji.625@cmswn2245.fnal.gov&tried=+1213cmsxrootd2.fnal.gov,cms-xrd-global.cern.ch,dm-s11-14-29.cr.cnaf.infn.it&triedrc=resel&xrd.logintoken=org.dcache.door=2001:720:42c:aaee:0:0:c065:a1ad:1094&xrdcl.requuid=93ac5296-eeb1-4a41-96cf-14dc27e95e82
%MSG
%MSG-f XrdAdaptor:  (NoModuleName) 19-Aug-2026 23:33:40 UTC pre-events
Opened a file at URL root://gaeds016.ciemat.es:25000//store/mc/RunIISummer20UL17MiniAODv2/SuuToChiChiToWBZTToJets_MSuu-6000_MChi-2000_TuneCP5_13TeV-madgraph-pythia8/MINIAODSIM/106X_mc2017_realistic_v9-v1/2550000/665949D3-F52D-D34A-B815-7E6706B55848.root?org.dcache.uuid=ad267ffc-8b25-417f-9eea-e40141ffb071&org.dcache.xrootd.client=aji.625@cmswn2245.fnal.gov&tried=+1213cmsxrootd2.fnal.gov,cms-xrd-global.cern.ch,dm-s11-14-29.cr.cnaf.infn.it&triedrc=resel&xrd.logintoken=org.dcache.door=2001:720:42c:aaee:0:0:c065:a1ad:1094&xrdcl.requuid=db279116-dafe-49f3-8885-6c2be4e3dcdd
%MSG
19-Aug-2026 23:33:55 UTC  Closed file root://cmsxrootd.fnal.gov//store/mc/RunIISummer20UL17MiniAODv2/SuuToChiChiToWBZTToJets_MSuu-6000_MChi-2000_TuneCP5_13TeV-madgraph-pythia8/MINIAODSIM/106X_mc2017_realistic_v9-v1/2550000/665949D3-F52D-D34A-B815-7E6706B55848.root
