20-Aug-2026 02:04:05 UTC  Initiating request to open file root://cmsxrootd.fnal.gov//store/mc/RunIISummer20UL17MiniAODv2/SuuToChiChiToHTZTToJets_MSuu-4000_MChi-1000_TuneCP5_13TeV-madgraph-pythia8/MINIAODSIM/106X_mc2017_realistic_v9-v3/80000/01C81C33-9B8B-5248-A31B-A23739947485.root
%MSG-f XrdAdaptor:  file_open 20-Aug-2026 02:04:12 UTC pre-events
Opened a file at URL root://dcache-cms266.desy.de:33181//store/mc/RunIISummer20UL17MiniAODv2/SuuToChiChiToHTZTToJets_MSuu-4000_MChi-1000_TuneCP5_13TeV-madgraph-pythia8/MINIAODSIM/106X_mc2017_realistic_v9-v3/80000/01C81C33-9B8B-5248-A31B-A23739947485.root?org.dcache.uuid=c575171a-6608-4a43-87cf-1760d49a49c9&org.dcache.xrootd.client=aji.625@cmswn2197.fnal.gov&tried=+1213cmsxrootd2.fnal.gov&xrd.logintoken=org.dcache.door=2001:638:700:10bf:0:0:1:d7:1094&xrdcl.requuid=0a710518-8ca6-4e49-ae5f-f997bb4ef274
%MSG
20-Aug-2026 02:04:14 UTC  Successfully opened file root://cmsxrootd.fnal.gov//store/mc/RunIISummer20UL17MiniAODv2/SuuToChiChiToHTZTToJets_MSuu-4000_MChi-1000_TuneCP5_13TeV-madgraph-pythia8/MINIAODSIM/106X_mc2017_realistic_v9-v3/80000/01C81C33-9B8B-5248-A31B-A23739947485.root
Begin processing the 1st record. Run 1, Event 1008, LumiSection 2 on stream 0 at 20-Aug-2026 02:04:18.985 UTC
%MSG-f XrdAdaptor:  (NoModuleName) 20-Aug-2026 02:04:19 UTC pre-events
Opened a file at URL root://dcache-cms266.desy.de:33181//store/mc/RunIISummer20UL17MiniAODv2/SuuToChiChiToHTZTToJets_MSuu-4000_MChi-1000_TuneCP5_13TeV-madgraph-pythia8/MINIAODSIM/106X_mc2017_realistic_v9-v3/80000/01C81C33-9B8B-5248-A31B-A23739947485.root?org.dcache.uuid=09c7e172-e739-4957-a0ff-5114c7013db6&org.dcache.xrootd.client=aji.625@cmswn2197.fnal.gov&tried=+1213cmsxrootd2.fnal.gov,t2-cms-xrootd02.desy.de&triedrc=resel&xrd.logintoken=org.dcache.door=2001:638:700:10bf:0:0:1:d7:1094&xrdcl.requuid=97b7306a-f9d0-44e8-b809-49b93a8e3dcf
%MSG
%MSG-f XrdAdaptor:  (NoModuleName) 20-Aug-2026 02:04:50 UTC pre-events
Opened a file at URL root://stor2.datagrid.cea.fr:1095//store/mc/RunIISummer20UL17MiniAODv2/SuuToChiChiToHTZTToJets_MSuu-4000_MChi-1000_TuneCP5_13TeV-madgraph-pythia8/MINIAODSIM/106X_mc2017_realistic_v9-v3/80000/01C81C33-9B8B-5248-A31B-A23739947485.root?cap.format=AEAD&cap.key=4+Av/8RSnpWB/cTByVzczY/whoc=&cap.msg=kDahvHPOMllJccAXGd8BqnW8JkkoiZO7WT00j-TexkjiZan0tmVKX27rIapseNJViO3cBlWE03Bgn9jxDJ_TlHPamsaZS0_DwGProruSPbdhG8vPfbGIGBZdnf2TJqfPH1Ogh0k03OT5nCuhL2C-EX6ttVwAxmQQE8-YSi9yjD4K_lqWOGlou6rPNUIrHCn8_wjTCen0OxitR8OPpom_H4F4ehvkzebRErEiJM2b1QFtGX1gpRGu4IS8ZgnKSZ3FICFi1Rs3rR7q9qzGG1nm0HpD03fgpiWaAw6Nxnbc0RGdq32wmnjpnH-cBxXsKK30pJrKnE0tuPrika931XzIZH_nUQOb9BpLqbX85CNZPkrz7FMOsUesgDgDxgO5AyWKsWtCZ5np_sOMRgAcUSUw2xruqDOYtcV7_miPObU8D8kHSFfxUFaKJbwXG-jJXkln61ooyWoZCqnY9VeaOpMYaHVjc9IpwDQFxJPUVD_Y3B5aemunFimdGsCW2qcfFvH7LLw1oad2f5rVCeQMOUg-UqFgMRP9uaSoX958FgSrmfqCoJSLTLcm3e3yEtkZwJuLhXbzx4LzVLhJF-yGE_ZJTOV7rwzNaa0X_n3dPB75xEzjkug7GPGvAci4qktmvlN7qFsX3GnumRoF&cap.sym=AQEBAACAAAAAAAAACAAAAAAAAAABAAAAAAAAADXum0VvfwGmcyS1oNFXcYlW7g_4yKVAaFsEWQU&eos.clientinfo=zbase64:MDAwMDAwNmJ4nB3IYQqAIAxA4at0AtGgImGHMbfVIFLWIrp92b/3vlLpiGoQ/ORG30mJyw1ycKszb4Twoz2VYLmYSQkbVJUCSJyu3dp/LErZ4LSivcNkaVVBlyk51hj8PLzV8CV4&mgm.id=1a166209&mgm.logid=86b4dd58-9c3b-11f1-9f94-b47af185f030&mgm.mtime=1759943614&mgm.replicahead=0&mgm.replicaindex=0&tried=+1213cmsxrootd2.fnal.gov,t2-cms-xrootd02.desy.de&triedrc=resel&xrdcl.requuid=95d0441d-04b8-46a7-af56-a758cb166b9a
%MSG
%MSG-f XrdAdaptorLvl3:  PreProcPath p 20-Aug-2026 02:04:54 UTC  Run: 1 Event: 1038
Deactivating stor2.datagrid.cea.fr from active sources because its quality (1160) is higher than 260 and 4 times larger than the other active server dcache-cms266.desy.de (278) 
%MSG
%MSG-f XrdAdaptor:  (NoModuleName) 20-Aug-2026 02:04:55 UTC pre-events
Opened a file at URL root://dcache-cms266.desy.de:33181//store/mc/RunIISummer20UL17MiniAODv2/SuuToChiChiToHTZTToJets_MSuu-4000_MChi-1000_TuneCP5_13TeV-madgraph-pythia8/MINIAODSIM/106X_mc2017_realistic_v9-v3/80000/01C81C33-9B8B-5248-A31B-A23739947485.root?org.dcache.uuid=babb16e7-8dfa-4eb4-9ea5-2c4b315fe77b&org.dcache.xrootd.client=aji.625@cmswn2197.fnal.gov&tried=+1213cmsxrootd2.fnal.gov,t2-cms-xrootd02.desy.de,stor2.datagrid.cea.fr&triedrc=resel&xrd.logintoken=org.dcache.door=2001:638:700:10bf:0:0:1:d7:1094&xrdcl.requuid=f4b91fef-89cd-43ac-a066-c812d1732c0c
%MSG
%MSG-f XrdAdaptor:  (NoModuleName) 20-Aug-2026 02:05:29 UTC pre-events
Opened a file at URL root://dcache-cms266.desy.de:33181//store/mc/RunIISummer20UL17MiniAODv2/SuuToChiChiToHTZTToJets_MSuu-4000_MChi-1000_TuneCP5_13TeV-madgraph-pythia8/MINIAODSIM/106X_mc2017_realistic_v9-v3/80000/01C81C33-9B8B-5248-A31B-A23739947485.root?org.dcache.uuid=94578ae4-c219-4bbb-8cb5-8a5016e0f61a&org.dcache.xrootd.client=aji.625@cmswn2197.fnal.gov&tried=+1213cmsxrootd2.fnal.gov,t2-cms-xrootd02.desy.de,stor2.datagrid.cea.fr&triedrc=resel&xrd.logintoken=org.dcache.door=2001:638:700:10bf:0:0:1:d7:1094&xrdcl.requuid=bec339f1-ce6d-4934-bd8f-98ef6b271bc6
%MSG
20-Aug-2026 02:05:37 UTC  Closed file root://cmsxrootd.fnal.gov//store/mc/RunIISummer20UL17MiniAODv2/SuuToChiChiToHTZTToJets_MSuu-4000_MChi-1000_TuneCP5_13TeV-madgraph-pythia8/MINIAODSIM/106X_mc2017_realistic_v9-v3/80000/01C81C33-9B8B-5248-A31B-A23739947485.root
