20-Aug-2026 01:00:17 UTC  Initiating request to open file root://cmsxrootd.fnal.gov//store/mc/RunIISummer20UL17MiniAODv2/SuuToChiChiToZTZTToJets_MSuu-6000_MChi-2000_TuneCP5_13TeV-madgraph-pythia8/MINIAODSIM/106X_mc2017_realistic_v9-v2/130000/34FF48EF-E4F5-CC41-9B1C-7A17B2B5AFFE.root
[2026-08-20 01:00:21.390988 +0000][Error  ][AsyncSock         ] [dtn-06.t2.ucsd.edu:1095.0] Unable to connect: no route to host
[2026-08-20 01:00:21.391106 +0000][Error  ][PostMaster        ] [dtn-06.t2.ucsd.edu:1095] elapsed = 3, pConnectionWindow = 31 seconds.
%MSG-f XrdAdaptor:  file_open 20-Aug-2026 01:00:21 UTC pre-events
Opened a file at URL root://dtn-06.t2.ucsd.edu:1095//store/mc/RunIISummer20UL17MiniAODv2/SuuToChiChiToZTZTToJets_MSuu-6000_MChi-2000_TuneCP5_13TeV-madgraph-pythia8/MINIAODSIM/106X_mc2017_realistic_v9-v2/130000/34FF48EF-E4F5-CC41-9B1C-7A17B2B5AFFE.root?xrdcl.requuid=59a83ab0-13b3-452a-9a38-4a6827fa4206
%MSG
20-Aug-2026 01:00:25 UTC  Successfully opened file root://cmsxrootd.fnal.gov//store/mc/RunIISummer20UL17MiniAODv2/SuuToChiChiToZTZTToJets_MSuu-6000_MChi-2000_TuneCP5_13TeV-madgraph-pythia8/MINIAODSIM/106X_mc2017_realistic_v9-v2/130000/34FF48EF-E4F5-CC41-9B1C-7A17B2B5AFFE.root
Begin processing the 1st record. Run 1, Event 29754, LumiSection 51 on stream 0 at 20-Aug-2026 01:00:27.129 UTC
%MSG-f XrdAdaptor:  (NoModuleName) 20-Aug-2026 01:00:27 UTC pre-events
Opened a file at URL root://dtn-02.t2.ucsd.edu:1095//store/mc/RunIISummer20UL17MiniAODv2/SuuToChiChiToZTZTToJets_MSuu-6000_MChi-2000_TuneCP5_13TeV-madgraph-pythia8/MINIAODSIM/106X_mc2017_realistic_v9-v2/130000/34FF48EF-E4F5-CC41-9B1C-7A17B2B5AFFE.root?tried=dtn-06.t2.ucsd.edu&triedrc=resel&xrdcl.requuid=ca888ebd-5700-491f-9919-57824838a91c
%MSG
20-Aug-2026 01:01:28 UTC  Closed file root://cmsxrootd.fnal.gov//store/mc/RunIISummer20UL17MiniAODv2/SuuToChiChiToZTZTToJets_MSuu-6000_MChi-2000_TuneCP5_13TeV-madgraph-pythia8/MINIAODSIM/106X_mc2017_realistic_v9-v2/130000/34FF48EF-E4F5-CC41-9B1C-7A17B2B5AFFE.root
20-Aug-2026 01:01:28 UTC  Initiating request to open file root://cmsxrootd.fnal.gov//store/mc/RunIISummer20UL17MiniAODv2/SuuToChiChiToZTZTToJets_MSuu-6000_MChi-2000_TuneCP5_13TeV-madgraph-pythia8/MINIAODSIM/106X_mc2017_realistic_v9-v2/130000/446120FF-86EB-F047-BF51-7D8D067AE647.root
%MSG-f XrdAdaptor:  file_open 20-Aug-2026 01:01:30 UTC PostProcessEvent
Opened a file at URL root://xrd-10.t2.ucsd.edu:1095//store/mc/RunIISummer20UL17MiniAODv2/SuuToChiChiToZTZTToJets_MSuu-6000_MChi-2000_TuneCP5_13TeV-madgraph-pythia8/MINIAODSIM/106X_mc2017_realistic_v9-v2/130000/446120FF-86EB-F047-BF51-7D8D067AE647.root?xrdcl.requuid=8d73445b-e870-43cc-8f88-5916eb8de1bc
%MSG
20-Aug-2026 01:01:31 UTC  Successfully opened file root://cmsxrootd.fnal.gov//store/mc/RunIISummer20UL17MiniAODv2/SuuToChiChiToZTZTToJets_MSuu-6000_MChi-2000_TuneCP5_13TeV-madgraph-pythia8/MINIAODSIM/106X_mc2017_realistic_v9-v2/130000/446120FF-86EB-F047-BF51-7D8D067AE647.root
%MSG-f XrdAdaptor:  (NoModuleName) 20-Aug-2026 01:01:36 UTC pre-events
Opened a file at URL root://xrd-13.t2.ucsd.edu:1095//store/mc/RunIISummer20UL17MiniAODv2/SuuToChiChiToZTZTToJets_MSuu-6000_MChi-2000_TuneCP5_13TeV-madgraph-pythia8/MINIAODSIM/106X_mc2017_realistic_v9-v2/130000/446120FF-86EB-F047-BF51-7D8D067AE647.root?tried=xrd-10.t2.ucsd.edu&triedrc=resel&xrdcl.requuid=8bc906e0-3db2-40aa-9a0c-96d03460e7ab
%MSG
20-Aug-2026 01:02:07 UTC  Closed file root://cmsxrootd.fnal.gov//store/mc/RunIISummer20UL17MiniAODv2/SuuToChiChiToZTZTToJets_MSuu-6000_MChi-2000_TuneCP5_13TeV-madgraph-pythia8/MINIAODSIM/106X_mc2017_realistic_v9-v2/130000/446120FF-86EB-F047-BF51-7D8D067AE647.root
