20-Aug-2026 01:06:18 UTC  Initiating request to open file root://cmsxrootd.fnal.gov//store/mc/RunIISummer20UL17MiniAODv2/SuuToChiChiToZTZTToJets_MSuu-6000_MChi-2000_TuneCP5_13TeV-madgraph-pythia8/MINIAODSIM/106X_mc2017_realistic_v9-v2/130000/34FF48EF-E4F5-CC41-9B1C-7A17B2B5AFFE.root
%MSG-f XrdAdaptor:  file_open 20-Aug-2026 01:06:20 UTC pre-events
Opened a file at URL root://xrd-12.t2.ucsd.edu:1095//store/mc/RunIISummer20UL17MiniAODv2/SuuToChiChiToZTZTToJets_MSuu-6000_MChi-2000_TuneCP5_13TeV-madgraph-pythia8/MINIAODSIM/106X_mc2017_realistic_v9-v2/130000/34FF48EF-E4F5-CC41-9B1C-7A17B2B5AFFE.root?xrdcl.requuid=cc337469-d536-4611-89fd-7dd2112336d9
%MSG
20-Aug-2026 01:06:23 UTC  Successfully opened file root://cmsxrootd.fnal.gov//store/mc/RunIISummer20UL17MiniAODv2/SuuToChiChiToZTZTToJets_MSuu-6000_MChi-2000_TuneCP5_13TeV-madgraph-pythia8/MINIAODSIM/106X_mc2017_realistic_v9-v2/130000/34FF48EF-E4F5-CC41-9B1C-7A17B2B5AFFE.root
Begin processing the 1st record. Run 1, Event 29754, LumiSection 51 on stream 0 at 20-Aug-2026 01:06:25.901 UTC
[2026-08-20 01:06:26.641466 +0000][Error  ][AsyncSock         ] [dtn-06.t2.ucsd.edu:1095.0] Unable to connect: no route to host
[2026-08-20 01:06:26.641643 +0000][Error  ][PostMaster        ] [dtn-06.t2.ucsd.edu:1095] elapsed = 0, pConnectionWindow = 31 seconds.
%MSG-f XrdAdaptor:  (NoModuleName) 20-Aug-2026 01:06:27 UTC pre-events
Opened a file at URL root://dtn-06.t2.ucsd.edu:1095//store/mc/RunIISummer20UL17MiniAODv2/SuuToChiChiToZTZTToJets_MSuu-6000_MChi-2000_TuneCP5_13TeV-madgraph-pythia8/MINIAODSIM/106X_mc2017_realistic_v9-v2/130000/34FF48EF-E4F5-CC41-9B1C-7A17B2B5AFFE.root?tried=xrd-12.t2.ucsd.edu&triedrc=resel&xrdcl.requuid=02da0619-58ef-4278-b82e-310f1b4decde
%MSG
20-Aug-2026 01:07:27 UTC  Closed file root://cmsxrootd.fnal.gov//store/mc/RunIISummer20UL17MiniAODv2/SuuToChiChiToZTZTToJets_MSuu-6000_MChi-2000_TuneCP5_13TeV-madgraph-pythia8/MINIAODSIM/106X_mc2017_realistic_v9-v2/130000/34FF48EF-E4F5-CC41-9B1C-7A17B2B5AFFE.root
20-Aug-2026 01:07:27 UTC  Initiating request to open file root://cmsxrootd.fnal.gov//store/mc/RunIISummer20UL17MiniAODv2/SuuToChiChiToZTZTToJets_MSuu-6000_MChi-2000_TuneCP5_13TeV-madgraph-pythia8/MINIAODSIM/106X_mc2017_realistic_v9-v2/130000/446120FF-86EB-F047-BF51-7D8D067AE647.root
%MSG-f XrdAdaptor:  file_open 20-Aug-2026 01:07:28 UTC PostProcessEvent
Opened a file at URL root://dtn-04.t2.ucsd.edu:1095//store/mc/RunIISummer20UL17MiniAODv2/SuuToChiChiToZTZTToJets_MSuu-6000_MChi-2000_TuneCP5_13TeV-madgraph-pythia8/MINIAODSIM/106X_mc2017_realistic_v9-v2/130000/446120FF-86EB-F047-BF51-7D8D067AE647.root?xrdcl.requuid=7c311a6d-0db9-4173-9199-7a0749c1d215
%MSG
20-Aug-2026 01:07:30 UTC  Successfully opened file root://cmsxrootd.fnal.gov//store/mc/RunIISummer20UL17MiniAODv2/SuuToChiChiToZTZTToJets_MSuu-6000_MChi-2000_TuneCP5_13TeV-madgraph-pythia8/MINIAODSIM/106X_mc2017_realistic_v9-v2/130000/446120FF-86EB-F047-BF51-7D8D067AE647.root
%MSG-f XrdAdaptor:  (NoModuleName) 20-Aug-2026 01:07:34 UTC pre-events
Opened a file at URL root://dtn-03.t2.ucsd.edu:1095//store/mc/RunIISummer20UL17MiniAODv2/SuuToChiChiToZTZTToJets_MSuu-6000_MChi-2000_TuneCP5_13TeV-madgraph-pythia8/MINIAODSIM/106X_mc2017_realistic_v9-v2/130000/446120FF-86EB-F047-BF51-7D8D067AE647.root?tried=dtn-04.t2.ucsd.edu&triedrc=resel&xrdcl.requuid=a1c9531b-5909-4b08-ad0b-cd9d78ac6917
%MSG
20-Aug-2026 01:08:19 UTC  Closed file root://cmsxrootd.fnal.gov//store/mc/RunIISummer20UL17MiniAODv2/SuuToChiChiToZTZTToJets_MSuu-6000_MChi-2000_TuneCP5_13TeV-madgraph-pythia8/MINIAODSIM/106X_mc2017_realistic_v9-v2/130000/446120FF-86EB-F047-BF51-7D8D067AE647.root
