20-Aug-2026 00:38:14 UTC  Initiating request to open file root://cmsxrootd.fnal.gov//store/mc/RunIISummer20UL17MiniAODv2/SuuToChiChiToWBHTToJets_MSuu-8000_MChi-3000_TuneCP5_13TeV-madgraph-pythia8/MINIAODSIM/106X_mc2017_realistic_v9-v3/80000/20100574-5996-634F-8AF2-8AB221EE4261.root
%MSG-f XrdAdaptor:  file_open 20-Aug-2026 00:38:19 UTC pre-events
Opened a file at URL root://dm-s11-14-29.cr.cnaf.infn.it:1094//store/mc/RunIISummer20UL17MiniAODv2/SuuToChiChiToWBHTToJets_MSuu-8000_MChi-3000_TuneCP5_13TeV-madgraph-pythia8/MINIAODSIM/106X_mc2017_realistic_v9-v3/80000/20100574-5996-634F-8AF2-8AB221EE4261.root?tried=+1213cmsxrootd2.fnal.gov&xrdcl.requuid=ff26c055-f73f-4632-a904-c9e5769c5c8f
%MSG
20-Aug-2026 00:38:23 UTC  Successfully opened file root://cmsxrootd.fnal.gov//store/mc/RunIISummer20UL17MiniAODv2/SuuToChiChiToWBHTToJets_MSuu-8000_MChi-3000_TuneCP5_13TeV-madgraph-pythia8/MINIAODSIM/106X_mc2017_realistic_v9-v3/80000/20100574-5996-634F-8AF2-8AB221EE4261.root
%MSG-f XrdAdaptor:  (NoModuleName) 20-Aug-2026 00:38:25 UTC pre-events
Opened a file at URL root://dm-s11-14-31.cr.cnaf.infn.it:1094//store/mc/RunIISummer20UL17MiniAODv2/SuuToChiChiToWBHTToJets_MSuu-8000_MChi-3000_TuneCP5_13TeV-madgraph-pythia8/MINIAODSIM/106X_mc2017_realistic_v9-v3/80000/20100574-5996-634F-8AF2-8AB221EE4261.root?tried=+1213cmsxrootd2.fnal.gov,dm-s11-14-29.cr.cnaf.infn.it&triedrc=resel&xrdcl.requuid=83b49ea1-4d6a-4013-b370-41831eb78347
%MSG
%MSG-f XrdAdaptorLvl3:  source 20-Aug-2026 00:38:51 UTC PreSource
Deactivating dm-s11-14-31.cr.cnaf.infn.it from active sources because its quality (3305) is higher than 260 and 4 times larger than the other active server dm-s11-14-29.cr.cnaf.infn.it (403) 
%MSG
Begin processing the 1st record. Run 1, Event 6005, LumiSection 7 on stream 0 at 20-Aug-2026 00:38:56.488 UTC
%MSG-f XrdAdaptor:  (NoModuleName) 20-Aug-2026 00:40:31 UTC pre-events
Opened a file at URL root://dc066.pic.es:21128//store/mc/RunIISummer20UL17MiniAODv2/SuuToChiChiToWBHTToJets_MSuu-8000_MChi-3000_TuneCP5_13TeV-madgraph-pythia8/MINIAODSIM/106X_mc2017_realistic_v9-v3/80000/20100574-5996-634F-8AF2-8AB221EE4261.root?org.dcache.uuid=d1436f96-7551-4657-b710-811e173c849d&org.dcache.xrootd.client=aji.625@cmswn2173.fnal.gov&tried=+1213cmsxrootd2.fnal.gov,dm-s11-14-29.cr.cnaf.infn.it,dm-s11-14-31.cr.cnaf.infn.it&triedrc=resel&xrd.logintoken=org.dcache.door=2001:67c:1148:201:0:0:0:13:1094&xrdcl.requuid=9d0aa9bb-e998-47ce-82b6-32f5b95f17da
%MSG
%MSG-f XrdAdaptorLvl3:  PreProcPath p 20-Aug-2026 00:40:59 UTC  Run: 1 Event: 6018
Deactivating dm-s11-14-29.cr.cnaf.infn.it from active sources because the quality (26790) is above 5130 and it is not the only active server
%MSG
%MSG-f XrdAdaptorLvl3:  PreProcPath p 20-Aug-2026 00:40:59 UTC  Run: 1 Event: 6018
Deactivating dm-s11-14-29.cr.cnaf.infn.it from active sources because its quality (26790) is higher than 260 and 4 times larger than the other active server dc066.pic.es (260) 
%MSG
%MSG-f XrdAdaptor:  (NoModuleName) 20-Aug-2026 00:41:00 UTC pre-events
Opened a file at URL root://dc066.pic.es:21128//store/mc/RunIISummer20UL17MiniAODv2/SuuToChiChiToWBHTToJets_MSuu-8000_MChi-3000_TuneCP5_13TeV-madgraph-pythia8/MINIAODSIM/106X_mc2017_realistic_v9-v3/80000/20100574-5996-634F-8AF2-8AB221EE4261.root?org.dcache.uuid=00b0f393-9447-4805-908d-f67360b3421d&org.dcache.xrootd.client=aji.625@cmswn2173.fnal.gov&tried=+1213cmsxrootd2.fnal.gov,dm-s11-14-29.cr.cnaf.infn.it,cms-xrd-global.cern.ch,dm-s11-14-31.cr.cnaf.infn.it&triedrc=resel&xrd.logintoken=org.dcache.door=2001:67c:1148:201:0:0:0:13:1094&xrdcl.requuid=1e6137f3-c2d5-4784-b077-113b4feb271b
%MSG
%MSG-f XrdAdaptor:  (NoModuleName) 20-Aug-2026 00:41:46 UTC pre-events
Opened a file at URL root://dc066.pic.es:21128//store/mc/RunIISummer20UL17MiniAODv2/SuuToChiChiToWBHTToJets_MSuu-8000_MChi-3000_TuneCP5_13TeV-madgraph-pythia8/MINIAODSIM/106X_mc2017_realistic_v9-v3/80000/20100574-5996-634F-8AF2-8AB221EE4261.root?org.dcache.uuid=da9b7581-4992-47d5-a990-f3faa63fc079&org.dcache.xrootd.client=aji.625@cmswn2173.fnal.gov&tried=+1213cmsxrootd2.fnal.gov,cms-xrd-global.cern.ch,dm-s11-14-31.cr.cnaf.infn.it,dm-s11-14-29.cr.cnaf.infn.it,xrootd-cms-01.cr.cnaf.infn.it,xrootd-cms.infn.it&triedrc=resel,enoent&xrd.logintoken=org.dcache.door=2001:67c:1148:201:0:0:0:13:1094&xrdcl.requuid=21013f75-e234-421e-b886-07ef784abe4a
%MSG
20-Aug-2026 00:41:49 UTC  Closed file root://cmsxrootd.fnal.gov//store/mc/RunIISummer20UL17MiniAODv2/SuuToChiChiToWBHTToJets_MSuu-8000_MChi-3000_TuneCP5_13TeV-madgraph-pythia8/MINIAODSIM/106X_mc2017_realistic_v9-v3/80000/20100574-5996-634F-8AF2-8AB221EE4261.root
