20-Aug-2026 00:33:05 UTC  Initiating request to open file root://cmsxrootd.fnal.gov//store/mc/RunIISummer20UL17MiniAODv2/SuuToChiChiToWBHTToJets_MSuu-8000_MChi-3000_TuneCP5_13TeV-madgraph-pythia8/MINIAODSIM/106X_mc2017_realistic_v9-v3/80000/20100574-5996-634F-8AF2-8AB221EE4261.root
%MSG-f XrdAdaptor:  file_open 20-Aug-2026 00:33:10 UTC pre-events
Opened a file at URL root://dm-s11-14-29.cr.cnaf.infn.it:1094//store/mc/RunIISummer20UL17MiniAODv2/SuuToChiChiToWBHTToJets_MSuu-8000_MChi-3000_TuneCP5_13TeV-madgraph-pythia8/MINIAODSIM/106X_mc2017_realistic_v9-v3/80000/20100574-5996-634F-8AF2-8AB221EE4261.root?tried=+1213cmsxrootd2.fnal.gov1213xrootd.unl.edu&xrdcl.requuid=e0c161de-a78b-4e84-8ebd-e6ad93fe5eca
%MSG
20-Aug-2026 00:33:15 UTC  Successfully opened file root://cmsxrootd.fnal.gov//store/mc/RunIISummer20UL17MiniAODv2/SuuToChiChiToWBHTToJets_MSuu-8000_MChi-3000_TuneCP5_13TeV-madgraph-pythia8/MINIAODSIM/106X_mc2017_realistic_v9-v3/80000/20100574-5996-634F-8AF2-8AB221EE4261.root
%MSG-f XrdAdaptor:  (NoModuleName) 20-Aug-2026 00:33:17 UTC pre-events
Opened a file at URL root://dm-s11-14-31.cr.cnaf.infn.it:1094//store/mc/RunIISummer20UL17MiniAODv2/SuuToChiChiToWBHTToJets_MSuu-8000_MChi-3000_TuneCP5_13TeV-madgraph-pythia8/MINIAODSIM/106X_mc2017_realistic_v9-v3/80000/20100574-5996-634F-8AF2-8AB221EE4261.root?tried=+1213cmsxrootd2.fnal.gov1213xrootd.unl.edu,dm-s11-14-29.cr.cnaf.infn.it&triedrc=resel&xrdcl.requuid=8d665f95-9d42-4443-bef6-354ecd4be03f
%MSG
%MSG-f XrdAdaptorLvl3:  source 20-Aug-2026 00:33:43 UTC PreSource
Deactivating dm-s11-14-31.cr.cnaf.infn.it from active sources because its quality (3241) is higher than 260 and 4 times larger than the other active server dm-s11-14-29.cr.cnaf.infn.it (401) 
%MSG
Begin processing the 1st record. Run 1, Event 6005, LumiSection 7 on stream 0 at 20-Aug-2026 00:33:48.535 UTC
%MSG-f XrdAdaptor:  (NoModuleName) 20-Aug-2026 00:35:39 UTC pre-events
Opened a file at URL root://dc066.pic.es:21128//store/mc/RunIISummer20UL17MiniAODv2/SuuToChiChiToWBHTToJets_MSuu-8000_MChi-3000_TuneCP5_13TeV-madgraph-pythia8/MINIAODSIM/106X_mc2017_realistic_v9-v3/80000/20100574-5996-634F-8AF2-8AB221EE4261.root?org.dcache.uuid=43d7f126-d607-471b-9b86-6550feed04ad&org.dcache.xrootd.client=aji.624@cmswn2235.fnal.gov&tried=+1213cmsxrootd2.fnal.gov1213xrootd.unl.edu,dm-s11-14-29.cr.cnaf.infn.it,dm-s11-14-31.cr.cnaf.infn.it,xrootd-cms-01.cr.cnaf.infn.it,xrootd-cms.infn.it&triedrc=resel,enoent&xrd.logintoken=org.dcache.door=2001:67c:1148:201:0:0:0:13:1094&xrdcl.requuid=af588cec-1da2-4e6b-b480-dbc187450233
%MSG
%MSG-f XrdAdaptorLvl3:  PreProcPath p 20-Aug-2026 00:36:03 UTC  Run: 1 Event: 6018
Deactivating dm-s11-14-29.cr.cnaf.infn.it from active sources because the quality (24567) is above 5130 and it is not the only active server
%MSG
%MSG-f XrdAdaptorLvl3:  PreProcPath p 20-Aug-2026 00:36:03 UTC  Run: 1 Event: 6018
Deactivating dm-s11-14-29.cr.cnaf.infn.it from active sources because its quality (24567) is higher than 260 and 4 times larger than the other active server dc066.pic.es (260) 
%MSG
%MSG-f XrdAdaptor:  (NoModuleName) 20-Aug-2026 00:36:05 UTC pre-events
Opened a file at URL root://dc066.pic.es:21128//store/mc/RunIISummer20UL17MiniAODv2/SuuToChiChiToWBHTToJets_MSuu-8000_MChi-3000_TuneCP5_13TeV-madgraph-pythia8/MINIAODSIM/106X_mc2017_realistic_v9-v3/80000/20100574-5996-634F-8AF2-8AB221EE4261.root?org.dcache.uuid=dd46e51d-dadc-4a73-9cea-075cc20124de&org.dcache.xrootd.client=aji.624@cmswn2235.fnal.gov&tried=+1213cmsxrootd2.fnal.gov1213xrootd.unl.edu,dm-s11-14-29.cr.cnaf.infn.it,cms-xrd-global.cern.ch,dm-s11-14-31.cr.cnaf.infn.it&triedrc=resel&xrd.logintoken=org.dcache.door=2001:67c:1148:201:0:0:0:13:1094&xrdcl.requuid=5187c77e-c67b-4151-bce2-e51db005e54c
%MSG
%MSG-f XrdAdaptor:  (NoModuleName) 20-Aug-2026 00:36:56 UTC pre-events
Opened a file at URL root://dc066.pic.es:21128//store/mc/RunIISummer20UL17MiniAODv2/SuuToChiChiToWBHTToJets_MSuu-8000_MChi-3000_TuneCP5_13TeV-madgraph-pythia8/MINIAODSIM/106X_mc2017_realistic_v9-v3/80000/20100574-5996-634F-8AF2-8AB221EE4261.root?org.dcache.uuid=732c206d-15f1-4ac2-8c60-eb699a802aeb&org.dcache.xrootd.client=aji.624@cmswn2235.fnal.gov&tried=+1213cmsxrootd2.fnal.gov1213xrootd.unl.edu,cms-xrd-global.cern.ch,dm-s11-14-31.cr.cnaf.infn.it,dm-s11-14-29.cr.cnaf.infn.it,xrootd-cms-02.cr.cnaf.infn.it,xrootd-cms.infn.it&triedrc=resel,enoent&xrd.logintoken=org.dcache.door=2001:67c:1148:201:0:0:0:13:1094&xrdcl.requuid=f9f7cb02-93ce-4f83-a33a-abcdff682607
%MSG
20-Aug-2026 00:37:01 UTC  Closed file root://cmsxrootd.fnal.gov//store/mc/RunIISummer20UL17MiniAODv2/SuuToChiChiToWBHTToJets_MSuu-8000_MChi-3000_TuneCP5_13TeV-madgraph-pythia8/MINIAODSIM/106X_mc2017_realistic_v9-v3/80000/20100574-5996-634F-8AF2-8AB221EE4261.root
