19-Aug-2026 22:05:46 UTC  Initiating request to open file root://cmsxrootd.fnal.gov//store/mc/RunIISummer20UL17MiniAODv2/SuuToChiChiToWBWBToJets_MSuu-6000_MChi-2000_TuneCP5_13TeV-madgraph-pythia8/MINIAODSIM/106X_mc2017_realistic_v9-v2/2550000/69429727-2C99-9F4A-85E3-E9AFADD090BE.root
%MSG-f XrdAdaptor:  file_open 19-Aug-2026 22:06:19 UTC pre-events
Opened a file at URL root://f01-124-152-e.gridka.de:24963//store/mc/RunIISummer20UL17MiniAODv2/SuuToChiChiToWBWBToJets_MSuu-6000_MChi-2000_TuneCP5_13TeV-madgraph-pythia8/MINIAODSIM/106X_mc2017_realistic_v9-v2/2550000/69429727-2C99-9F4A-85E3-E9AFADD090BE.root?org.dcache.uuid=7c33f115-32c0-49c8-9d93-d501725b95ac&org.dcache.xrootd.client=aji.625@cmswn2227.fnal.gov&tried=+1213cmsxrootd2.fnal.gov&xrd.logintoken=org.dcache.door=2a00:139c:8:0:483d:8a06:b6db:b43e:1094&xrdcl.requuid=0c8b009f-5fbd-4143-b8c0-0bccf6ace2b1
%MSG
%MSG-f XrdAdaptor:  (NoModuleName) 19-Aug-2026 22:06:28 UTC pre-events
Opened a file at URL root://f01-124-152-e.gridka.de:24963//store/mc/RunIISummer20UL17MiniAODv2/SuuToChiChiToWBWBToJets_MSuu-6000_MChi-2000_TuneCP5_13TeV-madgraph-pythia8/MINIAODSIM/106X_mc2017_realistic_v9-v2/2550000/69429727-2C99-9F4A-85E3-E9AFADD090BE.root?org.dcache.uuid=83362dfe-b367-4e8e-9331-f435b3233715&org.dcache.xrootd.client=aji.625@cmswn2227.fnal.gov&tried=+1213cmsxrootd2.fnal.gov,cms-xrd-global.cern.ch&triedrc=resel&xrd.logintoken=org.dcache.door=2a00:139c:8:0:483d:8a06:b6db:b43e:1094&xrdcl.requuid=b2b059b1-6be0-499a-8c75-00136ffbd1f0
%MSG
19-Aug-2026 22:06:45 UTC  Successfully opened file root://cmsxrootd.fnal.gov//store/mc/RunIISummer20UL17MiniAODv2/SuuToChiChiToWBWBToJets_MSuu-6000_MChi-2000_TuneCP5_13TeV-madgraph-pythia8/MINIAODSIM/106X_mc2017_realistic_v9-v2/2550000/69429727-2C99-9F4A-85E3-E9AFADD090BE.root
%MSG-f XrdAdaptor:  (NoModuleName) 19-Aug-2026 22:06:52 UTC pre-events
Opened a file at URL root://f01-124-152-e.gridka.de:24963//store/mc/RunIISummer20UL17MiniAODv2/SuuToChiChiToWBWBToJets_MSuu-6000_MChi-2000_TuneCP5_13TeV-madgraph-pythia8/MINIAODSIM/106X_mc2017_realistic_v9-v2/2550000/69429727-2C99-9F4A-85E3-E9AFADD090BE.root?org.dcache.uuid=c843367e-bbd0-4bb6-8f36-028e597b5075&org.dcache.xrootd.client=aji.625@cmswn2227.fnal.gov&tried=+1213cmsxrootd2.fnal.gov,cms-xrd-global.cern.ch&triedrc=resel&xrd.logintoken=org.dcache.door=2a00:139c:8:0:483d:8a06:b6db:b43e:1094&xrdcl.requuid=3d4d0a62-ccb2-424d-8183-9fa0a692c230
%MSG
%MSG-f XrdAdaptor:  (NoModuleName) 19-Aug-2026 22:07:21 UTC pre-events
Opened a file at URL root://f01-124-152-e.gridka.de:24963//store/mc/RunIISummer20UL17MiniAODv2/SuuToChiChiToWBWBToJets_MSuu-6000_MChi-2000_TuneCP5_13TeV-madgraph-pythia8/MINIAODSIM/106X_mc2017_realistic_v9-v2/2550000/69429727-2C99-9F4A-85E3-E9AFADD090BE.root?org.dcache.uuid=c7b0159b-1c2b-4f07-b395-16ca0d52e23c&org.dcache.xrootd.client=aji.625@cmswn2227.fnal.gov&tried=+1213cmsxrootd2.fnal.gov,cms-xrd-global.cern.ch&triedrc=resel&xrd.logintoken=org.dcache.door=2a00:139c:8:0:483d:8a06:b6db:b43e:1094&xrdcl.requuid=b8297f64-787c-4a70-97fa-f20feb479356
%MSG
%MSG-f XrdAdaptor:  (NoModuleName) 19-Aug-2026 22:09:56 UTC pre-events
Opened a file at URL root://f01-124-152-e.gridka.de:24963//store/mc/RunIISummer20UL17MiniAODv2/SuuToChiChiToWBWBToJets_MSuu-6000_MChi-2000_TuneCP5_13TeV-madgraph-pythia8/MINIAODSIM/106X_mc2017_realistic_v9-v2/2550000/69429727-2C99-9F4A-85E3-E9AFADD090BE.root?org.dcache.uuid=8433aec3-f225-484a-9ea0-a17eea2ebcf0&org.dcache.xrootd.client=aji.625@cmswn2227.fnal.gov&tried=+1213cmsxrootd2.fnal.gov,cms-xrd-global.cern.ch&triedrc=resel&xrd.logintoken=org.dcache.door=2a00:139c:8:0:483d:8a06:b6db:b43e:1094&xrdcl.requuid=2d8068e6-7c62-4fd2-a5dd-9e52dbcfdec8
%MSG
Begin processing the 1st record. Run 1, Event 20002, LumiSection 21 on stream 0 at 19-Aug-2026 22:10:59.968 UTC
%MSG-f XrdAdaptor:  (NoModuleName) 19-Aug-2026 22:12:36 UTC pre-events
Opened a file at URL root://f01-124-152-e.gridka.de:24963//store/mc/RunIISummer20UL17MiniAODv2/SuuToChiChiToWBWBToJets_MSuu-6000_MChi-2000_TuneCP5_13TeV-madgraph-pythia8/MINIAODSIM/106X_mc2017_realistic_v9-v2/2550000/69429727-2C99-9F4A-85E3-E9AFADD090BE.root?org.dcache.uuid=558a7af0-4929-4d2e-8b14-fd5614334263&org.dcache.xrootd.client=aji.625@cmswn2227.fnal.gov&tried=+1213cmsxrootd2.fnal.gov,cms-xrd-global.cern.ch&triedrc=resel&xrd.logintoken=org.dcache.door=2a00:139c:8:0:483d:8a06:b6db:b43e:1094&xrdcl.requuid=12d19ed7-8bea-40ad-8e33-14a1ec8ace0f
%MSG
19-Aug-2026 22:12:42 UTC  Closed file root://cmsxrootd.fnal.gov//store/mc/RunIISummer20UL17MiniAODv2/SuuToChiChiToWBWBToJets_MSuu-6000_MChi-2000_TuneCP5_13TeV-madgraph-pythia8/MINIAODSIM/106X_mc2017_realistic_v9-v2/2550000/69429727-2C99-9F4A-85E3-E9AFADD090BE.root
