20-Aug-2026 01:09:25 UTC  Initiating request to open file root://cmsxrootd.fnal.gov//store/mc/RunIISummer20UL17MiniAODv2/SuuToChiChiToZTZTToJets_MSuu-8000_MChi-3000_TuneCP5_13TeV-madgraph-pythia8/MINIAODSIM/106X_mc2017_realistic_v9-v2/130000/0DBCC9BE-F462-E14E-88E5-B41158CCAE98.root
%MSG-f XrdAdaptor:  file_open 20-Aug-2026 01:09:27 UTC pre-events
Opened a file at URL root://cmsio7.rc.ufl.edu:1094//store/mc/RunIISummer20UL17MiniAODv2/SuuToChiChiToZTZTToJets_MSuu-8000_MChi-3000_TuneCP5_13TeV-madgraph-pythia8/MINIAODSIM/106X_mc2017_realistic_v9-v2/130000/0DBCC9BE-F462-E14E-88E5-B41158CCAE98.root?xrdcl.requuid=a54f9df2-a9f6-47a6-9fd5-72dd1056d4f1
%MSG
20-Aug-2026 01:09:31 UTC  Successfully opened file root://cmsxrootd.fnal.gov//store/mc/RunIISummer20UL17MiniAODv2/SuuToChiChiToZTZTToJets_MSuu-8000_MChi-3000_TuneCP5_13TeV-madgraph-pythia8/MINIAODSIM/106X_mc2017_realistic_v9-v2/130000/0DBCC9BE-F462-E14E-88E5-B41158CCAE98.root
Begin processing the 1st record. Run 1, Event 22073, LumiSection 63 on stream 0 at 20-Aug-2026 01:09:33.421 UTC
%MSG-f XrdAdaptor:  (NoModuleName) 20-Aug-2026 01:09:36 UTC pre-events
Opened a file at URL root://cmsio6.rc.ufl.edu:1094//store/mc/RunIISummer20UL17MiniAODv2/SuuToChiChiToZTZTToJets_MSuu-8000_MChi-3000_TuneCP5_13TeV-madgraph-pythia8/MINIAODSIM/106X_mc2017_realistic_v9-v2/130000/0DBCC9BE-F462-E14E-88E5-B41158CCAE98.root?tried=cmsio7.rc.ufl.edu&triedrc=resel&xrdcl.requuid=a98f9ee8-1e1e-4924-b1ac-61ecc71b6cc1
%MSG
%MSG-f XrdAdaptorLvl3:  PreProcPath p 20-Aug-2026 01:10:10 UTC  Run: 1 Event: 22095
Deactivating cmsio6.rc.ufl.edu from active sources because its quality (271) is higher than 260 and 4 times larger than the other active server cmsio7.rc.ufl.edu (61) 
%MSG
20-Aug-2026 01:10:25 UTC  Closed file root://cmsxrootd.fnal.gov//store/mc/RunIISummer20UL17MiniAODv2/SuuToChiChiToZTZTToJets_MSuu-8000_MChi-3000_TuneCP5_13TeV-madgraph-pythia8/MINIAODSIM/106X_mc2017_realistic_v9-v2/130000/0DBCC9BE-F462-E14E-88E5-B41158CCAE98.root
20-Aug-2026 01:10:25 UTC  Initiating request to open file root://cmsxrootd.fnal.gov//store/mc/RunIISummer20UL17MiniAODv2/SuuToChiChiToZTZTToJets_MSuu-8000_MChi-3000_TuneCP5_13TeV-madgraph-pythia8/MINIAODSIM/106X_mc2017_realistic_v9-v2/130000/11EF46D1-79B6-3140-B88C-E0D523C9AE94.root
%MSG-f XrdAdaptor:  file_open 20-Aug-2026 01:10:27 UTC PostProcessEvent
Opened a file at URL root://cmsio2.rc.ufl.edu:1094//store/mc/RunIISummer20UL17MiniAODv2/SuuToChiChiToZTZTToJets_MSuu-8000_MChi-3000_TuneCP5_13TeV-madgraph-pythia8/MINIAODSIM/106X_mc2017_realistic_v9-v2/130000/11EF46D1-79B6-3140-B88C-E0D523C9AE94.root?xrdcl.requuid=a0bc0604-7199-4fef-b7c0-dc18239deb4d
%MSG
20-Aug-2026 01:10:28 UTC  Successfully opened file root://cmsxrootd.fnal.gov//store/mc/RunIISummer20UL17MiniAODv2/SuuToChiChiToZTZTToJets_MSuu-8000_MChi-3000_TuneCP5_13TeV-madgraph-pythia8/MINIAODSIM/106X_mc2017_realistic_v9-v2/130000/11EF46D1-79B6-3140-B88C-E0D523C9AE94.root
%MSG-f XrdAdaptor:  (NoModuleName) 20-Aug-2026 01:10:33 UTC pre-events
Opened a file at URL root://cmsio4.rc.ufl.edu:1094//store/mc/RunIISummer20UL17MiniAODv2/SuuToChiChiToZTZTToJets_MSuu-8000_MChi-3000_TuneCP5_13TeV-madgraph-pythia8/MINIAODSIM/106X_mc2017_realistic_v9-v2/130000/11EF46D1-79B6-3140-B88C-E0D523C9AE94.root?tried=cmsio2.rc.ufl.edu&triedrc=resel&xrdcl.requuid=44e00b55-59e8-41fb-a2f8-4faa17bf6ed7
%MSG
20-Aug-2026 01:10:45 UTC  Closed file root://cmsxrootd.fnal.gov//store/mc/RunIISummer20UL17MiniAODv2/SuuToChiChiToZTZTToJets_MSuu-8000_MChi-3000_TuneCP5_13TeV-madgraph-pythia8/MINIAODSIM/106X_mc2017_realistic_v9-v2/130000/11EF46D1-79B6-3140-B88C-E0D523C9AE94.root
20-Aug-2026 01:10:45 UTC  Initiating request to open file root://cmsxrootd.fnal.gov//store/mc/RunIISummer20UL17MiniAODv2/SuuToChiChiToZTZTToJets_MSuu-8000_MChi-3000_TuneCP5_13TeV-madgraph-pythia8/MINIAODSIM/106X_mc2017_realistic_v9-v2/130000/164538D1-3988-1045-9CB9-DF05AF09AA54.root
%MSG-f XrdAdaptor:  file_open 20-Aug-2026 01:10:46 UTC PostProcessEvent
Opened a file at URL root://cmsio6.rc.ufl.edu:1094//store/mc/RunIISummer20UL17MiniAODv2/SuuToChiChiToZTZTToJets_MSuu-8000_MChi-3000_TuneCP5_13TeV-madgraph-pythia8/MINIAODSIM/106X_mc2017_realistic_v9-v2/130000/164538D1-3988-1045-9CB9-DF05AF09AA54.root?xrdcl.requuid=5053eb53-99a9-423f-a8d8-b217d2c013f4
%MSG
20-Aug-2026 01:10:47 UTC  Successfully opened file root://cmsxrootd.fnal.gov//store/mc/RunIISummer20UL17MiniAODv2/SuuToChiChiToZTZTToJets_MSuu-8000_MChi-3000_TuneCP5_13TeV-madgraph-pythia8/MINIAODSIM/106X_mc2017_realistic_v9-v2/130000/164538D1-3988-1045-9CB9-DF05AF09AA54.root
%MSG-f XrdAdaptor:  (NoModuleName) 20-Aug-2026 01:10:51 UTC pre-events
Opened a file at URL root://cmsio4.rc.ufl.edu:1094//store/mc/RunIISummer20UL17MiniAODv2/SuuToChiChiToZTZTToJets_MSuu-8000_MChi-3000_TuneCP5_13TeV-madgraph-pythia8/MINIAODSIM/106X_mc2017_realistic_v9-v2/130000/164538D1-3988-1045-9CB9-DF05AF09AA54.root?tried=cmsio6.rc.ufl.edu&triedrc=resel&xrdcl.requuid=ccfe8a7a-ffe5-49cd-9f72-d6ad8d1aab5f
%MSG
20-Aug-2026 01:11:10 UTC  Closed file root://cmsxrootd.fnal.gov//store/mc/RunIISummer20UL17MiniAODv2/SuuToChiChiToZTZTToJets_MSuu-8000_MChi-3000_TuneCP5_13TeV-madgraph-pythia8/MINIAODSIM/106X_mc2017_realistic_v9-v2/130000/164538D1-3988-1045-9CB9-DF05AF09AA54.root
