[FERMIHTC-APPTAINER]: INFO -- ApptainerImage classAd detected
[FERMIHTC-APPTAINER]: INFO -- Attempting to run job in /cvmfs/singularity.opensciencegrid.org/cmssw/cms:rhel9
[FERMIHTC-APPTAINER]: INFO -- Running /cvmfs/oasis.opensciencegrid.org/mis/apptainer/current/bin/apptainer exec --pid --ipc --contain --bind /cvmfs --bind /etc/hosts --bind /etc/grid-security --home /storage/local/data1/condor/execute/dir_1272445:/srv --pwd /srv /cvmfs/singularity.opensciencegrid.org/cmssw/cms:rhel9 ./run_ntuplizer_scan_pt_ak_ca_th.sh WbZt_6000_2000 140 0.4 0.6 0.85 4 6 85
Starting job at Wed Aug 19 23:03:15 UTC 2026
Host: aji-3867333-2245-cmswn2219.fnal.gov
OS: AlmaLinux release 9.8 (Olive Jaguar)
Scratch directory: /srv
Parameters: sample=WbZt_6000_2000, pt=140, ak=0.4, ca=0.6, th=0.85
Downloading root://cmseos.fnal.gov//store/user/aji/condor_inputs/CMSSW_15_0_19_existingOptimization.tgz
Done: ProjectRename
Wed Aug 19 23:10:44 UTC 2026
Thread 16 (Thread 0x7f946d3f1640 (LWP 654) "cmsRun"):
#0  0x00007f949aa7e3da in __futex_abstimed_wait_common () from /lib64/libc.so.6
#1  0x00007f949aa89538 in __new_sem_wait_slow64.constprop.0 () from /lib64/libc.so.6
#2  0x00007f94967cdbf6 in XrdCl::JobManager::RunJobs() () from /cvmfs/cms.cern.ch/el9_amd64_gcc12/cms/cmssw/CMSSW_15_0_19/external/el9_amd64_gcc12/lib/libXrdCl.so.3
#3  0x00007f94967cdca9 in RunRunnerThread () from /cvmfs/cms.cern.ch/el9_amd64_gcc12/cms/cmssw/CMSSW_15_0_19/external/el9_amd64_gcc12/lib/libXrdCl.so.3
#4  0x00007f949aa813f9 in start_thread () from /lib64/libc.so.6
#5  0x00007f949ab065d0 in clone3 () from /lib64/libc.so.6
Thread 15 (Thread 0x7f946dbf2640 (LWP 653) "cmsRun"):
#0  0x00007f949aa7e3da in __futex_abstimed_wait_common () from /lib64/libc.so.6
#1  0x00007f949aa89538 in __new_sem_wait_slow64.constprop.0 () from /lib64/libc.so.6
#2  0x00007f94967cdbf6 in XrdCl::JobManager::RunJobs() () from /cvmfs/cms.cern.ch/el9_amd64_gcc12/cms/cmssw/CMSSW_15_0_19/external/el9_amd64_gcc12/lib/libXrdCl.so.3
#3  0x00007f94967cdca9 in RunRunnerThread () from /cvmfs/cms.cern.ch/el9_amd64_gcc12/cms/cmssw/CMSSW_15_0_19/external/el9_amd64_gcc12/lib/libXrdCl.so.3
#4  0x00007f949aa813f9 in start_thread () from /lib64/libc.so.6
#5  0x00007f949ab065d0 in clone3 () from /lib64/libc.so.6
Thread 14 (Thread 0x7f946e3f3640 (LWP 652) "cmsRun"):
#0  0x00007f949aa7e3da in __futex_abstimed_wait_common () from /lib64/libc.so.6
#1  0x00007f949aa89538 in __new_sem_wait_slow64.constprop.0 () from /lib64/libc.so.6
#2  0x00007f94967cdbf6 in XrdCl::JobManager::RunJobs() () from /cvmfs/cms.cern.ch/el9_amd64_gcc12/cms/cmssw/CMSSW_15_0_19/external/el9_amd64_gcc12/lib/libXrdCl.so.3
#3  0x00007f94967cdca9 in RunRunnerThread () from /cvmfs/cms.cern.ch/el9_amd64_gcc12/cms/cmssw/CMSSW_15_0_19/external/el9_amd64_gcc12/lib/libXrdCl.so.3
#4  0x00007f949aa813f9 in start_thread () from /lib64/libc.so.6
#5  0x00007f949ab065d0 in clone3 () from /lib64/libc.so.6
Thread 13 (Thread 0x7f946ebf4640 (LWP 651) "cmsRun"):
#0  0x00007f949aacb995 in clock_nanosleep@GLIBC_2.2.5 () from /lib64/libc.so.6
#1  0x00007f949aad0447 in nanosleep () from /lib64/libc.so.6
#2  0x00007f9495b290a8 in XrdSysTimer::Wait(int) () from /cvmfs/cms.cern.ch/el9_amd64_gcc12/cms/cmssw/CMSSW_15_0_19/external/el9_amd64_gcc12/lib/libXrdUtils.so.3
#3  0x00007f949673f74c in XrdCl::TaskManager::RunTasks() () from /cvmfs/cms.cern.ch/el9_amd64_gcc12/cms/cmssw/CMSSW_15_0_19/external/el9_amd64_gcc12/lib/libXrdCl.so.3
#4  0x00007f949673f889 in RunRunnerThread () from /cvmfs/cms.cern.ch/el9_amd64_gcc12/cms/cmssw/CMSSW_15_0_19/external/el9_amd64_gcc12/lib/libXrdCl.so.3
#5  0x00007f949aa813f9 in start_thread () from /lib64/libc.so.6
#6  0x00007f949ab065d0 in clone3 () from /lib64/libc.so.6
Thread 12 (Thread 0x7f946f3f5640 (LWP 650) "cmsRun"):
#0  0x00007f949ab05c0e in epoll_wait () from /lib64/libc.so.6
#1  0x00007f9495b23432 in XrdSys::IOEvents::PollE::Begin(XrdSysSemaphore*, int&, char const**) () from /cvmfs/cms.cern.ch/el9_amd64_gcc12/cms/cmssw/CMSSW_15_0_19/external/el9_amd64_gcc12/lib/libXrdUtils.so.3
#2  0x00007f9495b1f39d in XrdSys::IOEvents::BootStrap::Start(void*) () from /cvmfs/cms.cern.ch/el9_amd64_gcc12/cms/cmssw/CMSSW_15_0_19/external/el9_amd64_gcc12/lib/libXrdUtils.so.3
#3  0x00007f9495b287b7 in XrdSysThread_Xeq () from /cvmfs/cms.cern.ch/el9_amd64_gcc12/cms/cmssw/CMSSW_15_0_19/external/el9_amd64_gcc12/lib/libXrdUtils.so.3
#4  0x00007f949aa813f9 in start_thread () from /lib64/libc.so.6
#5  0x00007f949ab065d0 in clone3 () from /lib64/libc.so.6
Thread 11 (Thread 0x7f946fbf6640 (LWP 649) "cmsRun"):
#0  0x00007f949ab05c0e in epoll_wait () from /lib64/libc.so.6
#1  0x00007f9495b23432 in XrdSys::IOEvents::PollE::Begin(XrdSysSemaphore*, int&, char const**) () from /cvmfs/cms.cern.ch/el9_amd64_gcc12/cms/cmssw/CMSSW_15_0_19/external/el9_amd64_gcc12/lib/libXrdUtils.so.3
#2  0x00007f9495b1f39d in XrdSys::IOEvents::BootStrap::Start(void*) () from /cvmfs/cms.cern.ch/el9_amd64_gcc12/cms/cmssw/CMSSW_15_0_19/external/el9_amd64_gcc12/lib/libXrdUtils.so.3
#3  0x00007f9495b287b7 in XrdSysThread_Xeq () from /cvmfs/cms.cern.ch/el9_amd64_gcc12/cms/cmssw/CMSSW_15_0_19/external/el9_amd64_gcc12/lib/libXrdUtils.so.3
#4  0x00007f949aa813f9 in start_thread () from /lib64/libc.so.6
#5  0x00007f949ab065d0 in clone3 () from /lib64/libc.so.6
Thread 10 (Thread 0x7f94703f7640 (LWP 648) "cmsRun"):
#0  0x00007f949ab05c0e in epoll_wait () from /lib64/libc.so.6
#1  0x00007f9495b23432 in XrdSys::IOEvents::PollE::Begin(XrdSysSemaphore*, int&, char const**) () from /cvmfs/cms.cern.ch/el9_amd64_gcc12/cms/cmssw/CMSSW_15_0_19/external/el9_amd64_gcc12/lib/libXrdUtils.so.3
#2  0x00007f9495b1f39d in XrdSys::IOEvents::BootStrap::Start(void*) () from /cvmfs/cms.cern.ch/el9_amd64_gcc12/cms/cmssw/CMSSW_15_0_19/external/el9_amd64_gcc12/lib/libXrdUtils.so.3
#3  0x00007f9495b287b7 in XrdSysThread_Xeq () from /cvmfs/cms.cern.ch/el9_amd64_gcc12/cms/cmssw/CMSSW_15_0_19/external/el9_amd64_gcc12/lib/libXrdUtils.so.3
#4  0x00007f949aa813f9 in start_thread () from /lib64/libc.so.6
#5  0x00007f949ab065d0 in clone3 () from /lib64/libc.so.6
Thread 9 (Thread 0x7f9470bf8640 (LWP 647) "cmsRun"):
#0  0x00007f949ab05c0e in epoll_wait () from /lib64/libc.so.6
#1  0x00007f9495b23432 in XrdSys::IOEvents::PollE::Begin(XrdSysSemaphore*, int&, char const**) () from /cvmfs/cms.cern.ch/el9_amd64_gcc12/cms/cmssw/CMSSW_15_0_19/external/el9_amd64_gcc12/lib/libXrdUtils.so.3
#2  0x00007f9495b1f39d in XrdSys::IOEvents::BootStrap::Start(void*) () from /cvmfs/cms.cern.ch/el9_amd64_gcc12/cms/cmssw/CMSSW_15_0_19/external/el9_amd64_gcc12/lib/libXrdUtils.so.3
#3  0x00007f9495b287b7 in XrdSysThread_Xeq () from /cvmfs/cms.cern.ch/el9_amd64_gcc12/cms/cmssw/CMSSW_15_0_19/external/el9_amd64_gcc12/lib/libXrdUtils.so.3
#4  0x00007f949aa813f9 in start_thread () from /lib64/libc.so.6
#5  0x00007f949ab065d0 in clone3 () from /lib64/libc.so.6
Thread 8 (Thread 0x7f94713f9640 (LWP 646) "cmsRun"):
#0  0x00007f949ab05c0e in epoll_wait () from /lib64/libc.so.6
#1  0x00007f9495b23432 in XrdSys::IOEvents::PollE::Begin(XrdSysSemaphore*, int&, char const**) () from /cvmfs/cms.cern.ch/el9_amd64_gcc12/cms/cmssw/CMSSW_15_0_19/external/el9_amd64_gcc12/lib/libXrdUtils.so.3
#2  0x00007f9495b1f39d in XrdSys::IOEvents::BootStrap::Start(void*) () from /cvmfs/cms.cern.ch/el9_amd64_gcc12/cms/cmssw/CMSSW_15_0_19/external/el9_amd64_gcc12/lib/libXrdUtils.so.3
#3  0x00007f9495b287b7 in XrdSysThread_Xeq () from /cvmfs/cms.cern.ch/el9_amd64_gcc12/cms/cmssw/CMSSW_15_0_19/external/el9_amd64_gcc12/lib/libXrdUtils.so.3
#4  0x00007f949aa813f9 in start_thread () from /lib64/libc.so.6
#5  0x00007f949ab065d0 in clone3 () from /lib64/libc.so.6
Thread 7 (Thread 0x7f9471bfa640 (LWP 645) "cmsRun"):
#0  0x00007f949ab05c0e in epoll_wait () from /lib64/libc.so.6
#1  0x00007f9495b23432 in XrdSys::IOEvents::PollE::Begin(XrdSysSemaphore*, int&, char const**) () from /cvmfs/cms.cern.ch/el9_amd64_gcc12/cms/cmssw/CMSSW_15_0_19/external/el9_amd64_gcc12/lib/libXrdUtils.so.3
#2  0x00007f9495b1f39d in XrdSys::IOEvents::BootStrap::Start(void*) () from /cvmfs/cms.cern.ch/el9_amd64_gcc12/cms/cmssw/CMSSW_15_0_19/external/el9_amd64_gcc12/lib/libXrdUtils.so.3
#3  0x00007f9495b287b7 in XrdSysThread_Xeq () from /cvmfs/cms.cern.ch/el9_amd64_gcc12/cms/cmssw/CMSSW_15_0_19/external/el9_amd64_gcc12/lib/libXrdUtils.so.3
#4  0x00007f949aa813f9 in start_thread () from /lib64/libc.so.6
#5  0x00007f949ab065d0 in clone3 () from /lib64/libc.so.6
Thread 6 (Thread 0x7f94723fb640 (LWP 644) "cmsRun"):
#0  0x00007f949ab05c0e in epoll_wait () from /lib64/libc.so.6
#1  0x00007f9495b23432 in XrdSys::IOEvents::PollE::Begin(XrdSysSemaphore*, int&, char const**) () from /cvmfs/cms.cern.ch/el9_amd64_gcc12/cms/cmssw/CMSSW_15_0_19/external/el9_amd64_gcc12/lib/libXrdUtils.so.3
#2  0x00007f9495b1f39d in XrdSys::IOEvents::BootStrap::Start(void*) () from /cvmfs/cms.cern.ch/el9_amd64_gcc12/cms/cmssw/CMSSW_15_0_19/external/el9_amd64_gcc12/lib/libXrdUtils.so.3
#3  0x00007f9495b287b7 in XrdSysThread_Xeq () from /cvmfs/cms.cern.ch/el9_amd64_gcc12/cms/cmssw/CMSSW_15_0_19/external/el9_amd64_gcc12/lib/libXrdUtils.so.3
#4  0x00007f949aa813f9 in start_thread () from /lib64/libc.so.6
#5  0x00007f949ab065d0 in clone3 () from /lib64/libc.so.6
Thread 5 (Thread 0x7f9472bfc640 (LWP 643) "cmsRun"):
#0  0x00007f949ab05c0e in epoll_wait () from /lib64/libc.so.6
#1  0x00007f9495b23432 in XrdSys::IOEvents::PollE::Begin(XrdSysSemaphore*, int&, char const**) () from /cvmfs/cms.cern.ch/el9_amd64_gcc12/cms/cmssw/CMSSW_15_0_19/external/el9_amd64_gcc12/lib/libXrdUtils.so.3
#2  0x00007f9495b1f39d in XrdSys::IOEvents::BootStrap::Start(void*) () from /cvmfs/cms.cern.ch/el9_amd64_gcc12/cms/cmssw/CMSSW_15_0_19/external/el9_amd64_gcc12/lib/libXrdUtils.so.3
#3  0x00007f9495b287b7 in XrdSysThread_Xeq () from /cvmfs/cms.cern.ch/el9_amd64_gcc12/cms/cmssw/CMSSW_15_0_19/external/el9_amd64_gcc12/lib/libXrdUtils.so.3
#4  0x00007f949aa813f9 in start_thread () from /lib64/libc.so.6
#5  0x00007f949ab065d0 in clone3 () from /lib64/libc.so.6
Thread 4 (Thread 0x7f94733fd640 (LWP 642) "cmsRun"):
#0  0x00007f949ab05c0e in epoll_wait () from /lib64/libc.so.6
#1  0x00007f9495b23432 in XrdSys::IOEvents::PollE::Begin(XrdSysSemaphore*, int&, char const**) () from /cvmfs/cms.cern.ch/el9_amd64_gcc12/cms/cmssw/CMSSW_15_0_19/external/el9_amd64_gcc12/lib/libXrdUtils.so.3
#2  0x00007f9495b1f39d in XrdSys::IOEvents::BootStrap::Start(void*) () from /cvmfs/cms.cern.ch/el9_amd64_gcc12/cms/cmssw/CMSSW_15_0_19/external/el9_amd64_gcc12/lib/libXrdUtils.so.3
#3  0x00007f9495b287b7 in XrdSysThread_Xeq () from /cvmfs/cms.cern.ch/el9_amd64_gcc12/cms/cmssw/CMSSW_15_0_19/external/el9_amd64_gcc12/lib/libXrdUtils.so.3
#4  0x00007f949aa813f9 in start_thread () from /lib64/libc.so.6
#5  0x00007f949ab065d0 in clone3 () from /lib64/libc.so.6
Thread 3 (Thread 0x7f9473bfe640 (LWP 641) "cmsRun"):
#0  0x00007f949ab05c0e in epoll_wait () from /lib64/libc.so.6
#1  0x00007f9495b23432 in XrdSys::IOEvents::PollE::Begin(XrdSysSemaphore*, int&, char const**) () from /cvmfs/cms.cern.ch/el9_amd64_gcc12/cms/cmssw/CMSSW_15_0_19/external/el9_amd64_gcc12/lib/libXrdUtils.so.3
#2  0x00007f9495b1f39d in XrdSys::IOEvents::BootStrap::Start(void*) () from /cvmfs/cms.cern.ch/el9_amd64_gcc12/cms/cmssw/CMSSW_15_0_19/external/el9_amd64_gcc12/lib/libXrdUtils.so.3
#3  0x00007f9495b287b7 in XrdSysThread_Xeq () from /cvmfs/cms.cern.ch/el9_amd64_gcc12/cms/cmssw/CMSSW_15_0_19/external/el9_amd64_gcc12/lib/libXrdUtils.so.3
#4  0x00007f949aa813f9 in start_thread () from /lib64/libc.so.6
#5  0x00007f949ab065d0 in clone3 () from /lib64/libc.so.6
Thread 2 (Thread 0x7f94743ff640 (LWP 635) "cmsRun"):
#0  0x00007f949aad01ff in wait4 () from /lib64/libc.so.6
#1  0x00007f949770e307 in edm::service::cmssw_stacktrace_fork() () from /cvmfs/cms.cern.ch/el9_amd64_gcc12/cms/cmssw/CMSSW_15_0_19/lib/el9_amd64_gcc12/pluginFWCoreServicesPlugins.so
#2  0x00007f949771119a in edm::service::InitRootHandlers::stacktraceHelperThread() () from /cvmfs/cms.cern.ch/el9_amd64_gcc12/cms/cmssw/CMSSW_15_0_19/lib/el9_amd64_gcc12/pluginFWCoreServicesPlugins.so
#3  0x00007f949acd84d3 in std::execute_native_thread_routine (__p=0x7f9476d12050) at ../../../../../libstdc++-v3/src/c++11/thread.cc:82
#4  0x00007f949aa813f9 in start_thread () from /lib64/libc.so.6
#5  0x00007f949ab065d0 in clone3 () from /lib64/libc.so.6
Thread 1 (Thread 0x7f949ae39540 (LWP 625) "cmsRun"):
#0  0x00007f949aaf92cf in poll () from /lib64/libc.so.6
#1  0x00007f94977113b7 in edm::service::InitRootHandlers::stacktraceFromThread() () from /cvmfs/cms.cern.ch/el9_amd64_gcc12/cms/cmssw/CMSSW_15_0_19/lib/el9_amd64_gcc12/pluginFWCoreServicesPlugins.so
#2  0x00007f94977115b4 in sig_dostack_then_abort () from /cvmfs/cms.cern.ch/el9_amd64_gcc12/cms/cmssw/CMSSW_15_0_19/lib/el9_amd64_gcc12/pluginFWCoreServicesPlugins.so
#3  <signal handler called>
#4  0x00007f9498241700 in auto (anonymous namespace)::tracerouteRedirections(std::vector<XrdCl::HostInfo, std::allocator<XrdCl::HostInfo> > const*)::{lambda(auto:1&)#1}::operator()<edm::MessageSender>(edm::MessageSender&) const [clone .lto_priv.0] () from /cvmfs/cms.cern.ch/el9_amd64_gcc12/cms/cmssw/CMSSW_15_0_19/lib/el9_amd64_gcc12/libUtilitiesXrdAdaptor.so
#5  0x00007f949823bfa2 in XrdAdaptor::RequestManager::initialize(std::weak_ptr<XrdAdaptor::RequestManager>) () from /cvmfs/cms.cern.ch/el9_amd64_gcc12/cms/cmssw/CMSSW_15_0_19/lib/el9_amd64_gcc12/libUtilitiesXrdAdaptor.so
#6  0x00007f949823d9d8 in edm::storage::XrdFile::open(char const*, int, int) () from /cvmfs/cms.cern.ch/el9_amd64_gcc12/cms/cmssw/CMSSW_15_0_19/lib/el9_amd64_gcc12/libUtilitiesXrdAdaptor.so
#7  0x00007f949823dfd5 in edm::storage::XrdFile::XrdFile(std::__cxx11::basic_string<char, std::char_traits<char>, std::allocator<char> > const&, int, int) () from /cvmfs/cms.cern.ch/el9_amd64_gcc12/cms/cmssw/CMSSW_15_0_19/lib/el9_amd64_gcc12/libUtilitiesXrdAdaptor.so
#8  0x00007f9497492cad in edm::storage::XrdStorageMaker::open(std::__cxx11::basic_string<char, std::char_traits<char>, std::allocator<char> > const&, std::__cxx11::basic_string<char, std::char_traits<char>, std::allocator<char> > const&, int, edm::storage::StorageMaker::AuxSettings const&) const () from /cvmfs/cms.cern.ch/el9_amd64_gcc12/cms/cmssw/CMSSW_15_0_19/lib/el9_amd64_gcc12/pluginUtilitiesXrdAdaptorPlugin.so
#9  0x00007f9497681f84 in edm::storage::StorageFactory::open(std::__cxx11::basic_string<char, std::char_traits<char>, std::allocator<char> > const&, int) const () from /cvmfs/cms.cern.ch/el9_amd64_gcc12/cms/cmssw/CMSSW_15_0_19/lib/el9_amd64_gcc12/libUtilitiesStorageFactory.so
#10 0x00007f94968d2a82 in TStorageFactoryFile::Initialize(char const*, char const*) () from /cvmfs/cms.cern.ch/el9_amd64_gcc12/cms/cmssw/CMSSW_15_0_19/lib/el9_amd64_gcc12/libIOPoolTFileAdaptor.so
#11 0x00007f94968d31b4 in TStorageFactoryFile::TStorageFactoryFile(char const*, char const*, char const*, int, int, bool) () from /cvmfs/cms.cern.ch/el9_amd64_gcc12/cms/cmssw/CMSSW_15_0_19/lib/el9_amd64_gcc12/libIOPoolTFileAdaptor.so
#12 0x00007f948ce710b9 in ?? ()
#13 0x00007f9400000000 in ?? ()
#14 0x00007f947696e400 in ?? ()
#15 0x00007f947696e400 in ?? ()
#16 0x00007ffcd45eb060 in ?? ()
#17 0x00007f947891a1d1 in ?? () from /cvmfs/cms.cern.ch/el9_amd64_gcc12/cms/cmssw/CMSSW_15_0_19/lib/el9_amd64_gcc12/pluginIOPoolInput.so
#18 0x00007ffcd45eb199 in ?? ()
#19 0x00007f9476820400 in ?? ()
#20 0x00007f948fc8ccf2 in TClingCallFunc::IFacePtr() () from /cvmfs/cms.cern.ch/el9_amd64_gcc12/cms/cmssw/CMSSW_15_0_19/external/el9_amd64_gcc12/lib/libCling.so
#21 0x0000006500000000 in ?? ()
#22 0x00007f9476cb2e40 in ?? ()
#23 0x00007f94770f9780 in ?? ()
#24 0x00007ffcd45eb160 in ?? ()
#25 0x00007ffcd45eb168 in ?? ()
#26 0x00007f9476b97700 in ?? ()
#27 0x00007f9496d560f3 in long TPluginHandler::ExecPluginImpl<char const*, char const*, char const*, int, int>(char const* const&, char const* const&, char const* const&, int const&, int const&) () from /cvmfs/cms.cern.ch/el9_amd64_gcc12/cms/cmssw/CMSSW_15_0_19/external/el9_amd64_gcc12/lib/libRIO.so
#28 0x00007f9496d5255c in TFile::Open(char const*, char const*, char const*, int, int) () from /cvmfs/cms.cern.ch/el9_amd64_gcc12/cms/cmssw/CMSSW_15_0_19/external/el9_amd64_gcc12/lib/libRIO.so
#29 0x00007f94788d8e6f in edm::InputFile::InputFile(char const*, char const*, edm::InputType) () from /cvmfs/cms.cern.ch/el9_amd64_gcc12/cms/cmssw/CMSSW_15_0_19/lib/el9_amd64_gcc12/pluginIOPoolInput.so
#30 0x00007f947890b774 in edm::RootInputFileSequence::initTheFile(bool, bool, edm::InputSource*, char const*, edm::InputType) () from /cvmfs/cms.cern.ch/el9_amd64_gcc12/cms/cmssw/CMSSW_15_0_19/lib/el9_amd64_gcc12/pluginIOPoolInput.so
#31 0x00007f947890c978 in edm::RootPrimaryFileSequence::RootPrimaryFileSequence(edm::ParameterSet const&, edm::PoolSource&, edm::InputFileCatalog const&) () from /cvmfs/cms.cern.ch/el9_amd64_gcc12/cms/cmssw/CMSSW_15_0_19/lib/el9_amd64_gcc12/pluginIOPoolInput.so
#32 0x00007f94788dbff8 in edm::PoolSource::PoolSource(edm::ParameterSet const&, edm::InputSourceDescription const&) () from /cvmfs/cms.cern.ch/el9_amd64_gcc12/cms/cmssw/CMSSW_15_0_19/lib/el9_amd64_gcc12/pluginIOPoolInput.so
#33 0x00007f94788dcf9e in edmplugin::PluginFactory<edm::InputSource* (edm::ParameterSet const&, edm::InputSourceDescription const&)>::PMaker<edm::PoolSource>::create(edm::ParameterSet const&, edm::InputSourceDescription const&) const () from /cvmfs/cms.cern.ch/el9_amd64_gcc12/cms/cmssw/CMSSW_15_0_19/lib/el9_amd64_gcc12/pluginIOPoolInput.so
#34 0x00007f949bbb3915 in edm::InputSourceFactory::makeInputSource(edm::ParameterSet const&, edm::InputSourceDescription const&) const () from /cvmfs/cms.cern.ch/el9_amd64_gcc12/cms/cmssw/CMSSW_15_0_19/lib/el9_amd64_gcc12/libFWCoreFramework.so
#35 0x00007f949bb4a7fd in edm::makeInput(unsigned int, edm::ParameterSet&, edm::CommonParams const&, std::shared_ptr<edm::BranchIDListHelper>, std::shared_ptr<edm::ProcessBlockHelper> const&, std::shared_ptr<edm::ThinnedAssociationsHelper>, std::shared_ptr<edm::ActivityRegistry>, std::shared_ptr<edm::ProcessConfiguration const>, edm::PreallocationConfiguration const&) () from /cvmfs/cms.cern.ch/el9_amd64_gcc12/cms/cmssw/CMSSW_15_0_19/lib/el9_amd64_gcc12/libFWCoreFramework.so
#36 0x00007f949bb804eb in tbb::detail::d1::function_task<edm::EventProcessor::init(std::shared_ptr<edm::ProcessDesc>&, edm::ServiceToken const&, edm::serviceregistry::ServiceLegacy)::{lambda()#2}>::execute(tbb::detail::d1::execution_data&) [clone .lto_priv.0] () from /cvmfs/cms.cern.ch/el9_amd64_gcc12/cms/cmssw/CMSSW_15_0_19/lib/el9_amd64_gcc12/libFWCoreFramework.so
#37 0x00007f949b9723a1 in tbb::detail::r1::task_dispatcher::local_wait_for_all<false, tbb::detail::r1::external_waiter> (waiter=..., t=<optimized out>, this=0x7f9499bdf700) at /data/cmsbld/jenkins/workspace/build-any-ib/w/BUILD/el9_amd64_gcc12/external/tbb/v2021.9.0-923065ff62d6d3ff52c3b52f6657aed2/tbb-v2021.9.0/src/tbb/task_dispatcher.h:322
#38 tbb::detail::r1::task_dispatcher::local_wait_for_all<tbb::detail::r1::external_waiter> (waiter=..., t=<optimized out>, this=0x7f9499bdf700) at /data/cmsbld/jenkins/workspace/build-any-ib/w/BUILD/el9_amd64_gcc12/external/tbb/v2021.9.0-923065ff62d6d3ff52c3b52f6657aed2/tbb-v2021.9.0/src/tbb/task_dispatcher.h:458
#39 tbb::detail::r1::task_dispatcher::execute_and_wait (t=<optimized out>, wait_ctx=..., w_ctx=...) at /data/cmsbld/jenkins/workspace/build-any-ib/w/BUILD/el9_amd64_gcc12/external/tbb/v2021.9.0-923065ff62d6d3ff52c3b52f6657aed2/tbb-v2021.9.0/src/tbb/task_dispatcher.cpp:168
#40 0x00007f949bb4c37e in edm::EventProcessor::init(std::shared_ptr<edm::ProcessDesc>&, edm::ServiceToken const&, edm::serviceregistry::ServiceLegacy) () from /cvmfs/cms.cern.ch/el9_amd64_gcc12/cms/cmssw/CMSSW_15_0_19/lib/el9_amd64_gcc12/libFWCoreFramework.so
#41 0x00007f949bb4f848 in edm::EventProcessor::EventProcessor(std::shared_ptr<edm::ProcessDesc>, edm::ServiceToken const&, edm::serviceregistry::ServiceLegacy) () from /cvmfs/cms.cern.ch/el9_amd64_gcc12/cms/cmssw/CMSSW_15_0_19/lib/el9_amd64_gcc12/libFWCoreFramework.so
#42 0x000000000040838a in tbb::detail::d1::task_arena_function<main::{lambda()#1}::operator()() const::{lambda()#1}, void>::operator()() const ()
#43 0x00007f949b95e96d in tbb::detail::r1::task_arena_impl::execute (ta=..., d=...) at /data/cmsbld/jenkins/workspace/build-any-ib/w/BUILD/el9_amd64_gcc12/external/tbb/v2021.9.0-923065ff62d6d3ff52c3b52f6657aed2/tbb-v2021.9.0/src/tbb/arena.cpp:688
#44 0x000000000040a293 in main::{lambda()#1}::operator()() const ()
#45 0x00000000004051b8 in main ()
