19-Aug-2026 23:23:46 UTC  Initiating request to open file root://cmsxrootd.fnal.gov//store/mc/RunIISummer20UL17MiniAODv2/SuuToChiChiToWBZTToJets_MSuu-6000_MChi-2000_TuneCP5_13TeV-madgraph-pythia8/MINIAODSIM/106X_mc2017_realistic_v9-v1/2550000/665949D3-F52D-D34A-B815-7E6706B55848.root
%MSG-f XrdAdaptor:  file_open 19-Aug-2026 23:27:12 UTC pre-events
Opened a file at URL root://dm-s11-14-31.cr.cnaf.infn.it:1094//store/mc/RunIISummer20UL17MiniAODv2/SuuToChiChiToWBZTToJets_MSuu-6000_MChi-2000_TuneCP5_13TeV-madgraph-pythia8/MINIAODSIM/106X_mc2017_realistic_v9-v1/2550000/665949D3-F52D-D34A-B815-7E6706B55848.root?tried=+1213cmsxrootd2.fnal.gov1213xrootd.unl.edu&xrdcl.requuid=7b599d94-cd45-4b31-89bc-81c97fa88d2b
%MSG
19-Aug-2026 23:27:16 UTC  Successfully opened file root://cmsxrootd.fnal.gov//store/mc/RunIISummer20UL17MiniAODv2/SuuToChiChiToWBZTToJets_MSuu-6000_MChi-2000_TuneCP5_13TeV-madgraph-pythia8/MINIAODSIM/106X_mc2017_realistic_v9-v1/2550000/665949D3-F52D-D34A-B815-7E6706B55848.root
Begin processing the 1st record. Run 1, Event 2, LumiSection 1 on stream 0 at 19-Aug-2026 23:28:21.461 UTC
%MSG-f XrdAdaptor:  (NoModuleName) 19-Aug-2026 23:30:23 UTC pre-events
Opened a file at URL root://gaeds016.ciemat.es:25000//store/mc/RunIISummer20UL17MiniAODv2/SuuToChiChiToWBZTToJets_MSuu-6000_MChi-2000_TuneCP5_13TeV-madgraph-pythia8/MINIAODSIM/106X_mc2017_realistic_v9-v1/2550000/665949D3-F52D-D34A-B815-7E6706B55848.root?org.dcache.uuid=53c14eb3-d1ea-4d1b-8791-8e761f3e481b&org.dcache.xrootd.client=aji.625@cmswn2238.fnal.gov&tried=+1213cmsxrootd2.fnal.gov1213xrootd.unl.edu,dm-s11-14-31.cr.cnaf.infn.it,gaexroot01.ciemat.es,gaexroot01.ciemat.es,xrootd-es-pic.pic.es&triedrc=resel,srverr&xrd.logintoken=org.dcache.door=2001:720:42c:aaee:0:0:c065:a1b8:1094&xrdcl.requuid=22b71846-4685-4b9e-b9a6-d305da65fa52
%MSG
%MSG-f XrdAdaptorLvl3:  PreProcPath p 19-Aug-2026 23:30:25 UTC Run: 1 Event: 14
Deactivating dm-s11-14-31.cr.cnaf.infn.it from active sources because the quality (55041) is above 5130 and it is not the only active server
%MSG
%MSG-f XrdAdaptorLvl3:  PreProcPath p 19-Aug-2026 23:30:25 UTC Run: 1 Event: 14
Deactivating dm-s11-14-31.cr.cnaf.infn.it from active sources because its quality (55041) is higher than 260 and 4 times larger than the other active server gaeds016.ciemat.es (260) 
%MSG
%MSG-f XrdAdaptor:  (NoModuleName) 19-Aug-2026 23:30:28 UTC pre-events
Opened a file at URL root://gaeds016.ciemat.es:25000//store/mc/RunIISummer20UL17MiniAODv2/SuuToChiChiToWBZTToJets_MSuu-6000_MChi-2000_TuneCP5_13TeV-madgraph-pythia8/MINIAODSIM/106X_mc2017_realistic_v9-v1/2550000/665949D3-F52D-D34A-B815-7E6706B55848.root?org.dcache.uuid=a4b506fa-fcd8-4f70-acbd-e8b47d06cae6&org.dcache.xrootd.client=aji.625@cmswn2238.fnal.gov&tried=+1213cmsxrootd2.fnal.gov1213xrootd.unl.edu,dm-s11-14-31.cr.cnaf.infn.it,xrootd-es-cie.ciemat.es&triedrc=resel&xrd.logintoken=org.dcache.door=2001:720:42c:aaee:0:0:c065:a1b8:1094&xrdcl.requuid=4ffebdfc-7a86-430e-8fbf-0c3f88daf5b4
%MSG
%MSG-f XrdAdaptor:  (NoModuleName) 19-Aug-2026 23:31:03 UTC pre-events
Opened a file at URL root://gaeds016.ciemat.es:25000//store/mc/RunIISummer20UL17MiniAODv2/SuuToChiChiToWBZTToJets_MSuu-6000_MChi-2000_TuneCP5_13TeV-madgraph-pythia8/MINIAODSIM/106X_mc2017_realistic_v9-v1/2550000/665949D3-F52D-D34A-B815-7E6706B55848.root?org.dcache.uuid=8b0cb2d8-003a-4ec3-bab4-520ad5a4d37a&org.dcache.xrootd.client=aji.625@cmswn2238.fnal.gov&tried=+1213cmsxrootd2.fnal.gov1213xrootd.unl.edu,xrootd-es-cie.ciemat.es,dm-s11-14-31.cr.cnaf.infn.it&triedrc=resel&xrd.logintoken=org.dcache.door=2001:720:42c:aaee:0:0:c065:a1b8:1094&xrdcl.requuid=3252ab1a-1bcd-4be3-a163-5ca687d74b1e
%MSG
19-Aug-2026 23:31:06 UTC  Closed file root://cmsxrootd.fnal.gov//store/mc/RunIISummer20UL17MiniAODv2/SuuToChiChiToWBZTToJets_MSuu-6000_MChi-2000_TuneCP5_13TeV-madgraph-pythia8/MINIAODSIM/106X_mc2017_realistic_v9-v1/2550000/665949D3-F52D-D34A-B815-7E6706B55848.root
