20-Aug-2026 01:11:44 UTC  Initiating request to open file root://cmsxrootd.fnal.gov//store/mc/RunIISummer20UL17MiniAODv2/SuuToChiChiToZTZTToJets_MSuu-8000_MChi-3000_TuneCP5_13TeV-madgraph-pythia8/MINIAODSIM/106X_mc2017_realistic_v9-v2/130000/0DBCC9BE-F462-E14E-88E5-B41158CCAE98.root
%MSG-f XrdAdaptor:  file_open 20-Aug-2026 01:11:46 UTC pre-events
Opened a file at URL root://cmsio4.rc.ufl.edu:1094//store/mc/RunIISummer20UL17MiniAODv2/SuuToChiChiToZTZTToJets_MSuu-8000_MChi-3000_TuneCP5_13TeV-madgraph-pythia8/MINIAODSIM/106X_mc2017_realistic_v9-v2/130000/0DBCC9BE-F462-E14E-88E5-B41158CCAE98.root?xrdcl.requuid=c9ebadb1-f07a-406e-99a5-c48cd35a3be7
%MSG
20-Aug-2026 01:11:48 UTC  Successfully opened file root://cmsxrootd.fnal.gov//store/mc/RunIISummer20UL17MiniAODv2/SuuToChiChiToZTZTToJets_MSuu-8000_MChi-3000_TuneCP5_13TeV-madgraph-pythia8/MINIAODSIM/106X_mc2017_realistic_v9-v2/130000/0DBCC9BE-F462-E14E-88E5-B41158CCAE98.root
Begin processing the 1st record. Run 1, Event 22073, LumiSection 63 on stream 0 at 20-Aug-2026 01:11:50.298 UTC
%MSG-f XrdAdaptor:  (NoModuleName) 20-Aug-2026 01:12:27 UTC pre-events
Opened a file at URL root://cmsio7.rc.ufl.edu:1094//store/mc/RunIISummer20UL17MiniAODv2/SuuToChiChiToZTZTToJets_MSuu-8000_MChi-3000_TuneCP5_13TeV-madgraph-pythia8/MINIAODSIM/106X_mc2017_realistic_v9-v2/130000/0DBCC9BE-F462-E14E-88E5-B41158CCAE98.root?tried=cmsio4.rc.ufl.edu&triedrc=resel&xrdcl.requuid=90a252e6-c905-4af1-9316-eed9f95604d0
%MSG
20-Aug-2026 01:12:40 UTC  Closed file root://cmsxrootd.fnal.gov//store/mc/RunIISummer20UL17MiniAODv2/SuuToChiChiToZTZTToJets_MSuu-8000_MChi-3000_TuneCP5_13TeV-madgraph-pythia8/MINIAODSIM/106X_mc2017_realistic_v9-v2/130000/0DBCC9BE-F462-E14E-88E5-B41158CCAE98.root
20-Aug-2026 01:12:40 UTC  Initiating request to open file root://cmsxrootd.fnal.gov//store/mc/RunIISummer20UL17MiniAODv2/SuuToChiChiToZTZTToJets_MSuu-8000_MChi-3000_TuneCP5_13TeV-madgraph-pythia8/MINIAODSIM/106X_mc2017_realistic_v9-v2/130000/11EF46D1-79B6-3140-B88C-E0D523C9AE94.root
%MSG-f XrdAdaptor:  file_open 20-Aug-2026 01:12:41 UTC PostProcessEvent
Opened a file at URL root://cmsio5.rc.ufl.edu:1094//store/mc/RunIISummer20UL17MiniAODv2/SuuToChiChiToZTZTToJets_MSuu-8000_MChi-3000_TuneCP5_13TeV-madgraph-pythia8/MINIAODSIM/106X_mc2017_realistic_v9-v2/130000/11EF46D1-79B6-3140-B88C-E0D523C9AE94.root?xrdcl.requuid=3add0490-bf19-4d16-9dce-cfe3434a2637
%MSG
20-Aug-2026 01:12:42 UTC  Successfully opened file root://cmsxrootd.fnal.gov//store/mc/RunIISummer20UL17MiniAODv2/SuuToChiChiToZTZTToJets_MSuu-8000_MChi-3000_TuneCP5_13TeV-madgraph-pythia8/MINIAODSIM/106X_mc2017_realistic_v9-v2/130000/11EF46D1-79B6-3140-B88C-E0D523C9AE94.root
20-Aug-2026 01:12:55 UTC  Closed file root://cmsxrootd.fnal.gov//store/mc/RunIISummer20UL17MiniAODv2/SuuToChiChiToZTZTToJets_MSuu-8000_MChi-3000_TuneCP5_13TeV-madgraph-pythia8/MINIAODSIM/106X_mc2017_realistic_v9-v2/130000/11EF46D1-79B6-3140-B88C-E0D523C9AE94.root
20-Aug-2026 01:12:55 UTC  Initiating request to open file root://cmsxrootd.fnal.gov//store/mc/RunIISummer20UL17MiniAODv2/SuuToChiChiToZTZTToJets_MSuu-8000_MChi-3000_TuneCP5_13TeV-madgraph-pythia8/MINIAODSIM/106X_mc2017_realistic_v9-v2/130000/164538D1-3988-1045-9CB9-DF05AF09AA54.root
%MSG-f XrdAdaptor:  file_open 20-Aug-2026 01:12:56 UTC PostProcessEvent
Opened a file at URL root://cmsio6.rc.ufl.edu:1094//store/mc/RunIISummer20UL17MiniAODv2/SuuToChiChiToZTZTToJets_MSuu-8000_MChi-3000_TuneCP5_13TeV-madgraph-pythia8/MINIAODSIM/106X_mc2017_realistic_v9-v2/130000/164538D1-3988-1045-9CB9-DF05AF09AA54.root?xrdcl.requuid=f6d3e840-615f-43c4-b8eb-3ecff4a4f10b
%MSG
20-Aug-2026 01:12:57 UTC  Successfully opened file root://cmsxrootd.fnal.gov//store/mc/RunIISummer20UL17MiniAODv2/SuuToChiChiToZTZTToJets_MSuu-8000_MChi-3000_TuneCP5_13TeV-madgraph-pythia8/MINIAODSIM/106X_mc2017_realistic_v9-v2/130000/164538D1-3988-1045-9CB9-DF05AF09AA54.root
20-Aug-2026 01:13:10 UTC  Closed file root://cmsxrootd.fnal.gov//store/mc/RunIISummer20UL17MiniAODv2/SuuToChiChiToZTZTToJets_MSuu-8000_MChi-3000_TuneCP5_13TeV-madgraph-pythia8/MINIAODSIM/106X_mc2017_realistic_v9-v2/130000/164538D1-3988-1045-9CB9-DF05AF09AA54.root
