20-Aug-2026 02:26:22 UTC  Initiating request to open file root://cmsxrootd.fnal.gov//store/mc/RunIISummer20UL17MiniAODv2/SuuToChiChiToHTZTToJets_MSuu-8000_MChi-3000_TuneCP5_13TeV-madgraph-pythia8/MINIAODSIM/106X_mc2017_realistic_v9-v3/50000/0E7F7F75-5F19-6C4F-8B78-C5E887A76DFA.root
[2026-08-20 02:26:24.100426 +0000][Error  ][AsyncSock         ] [k8s-transfer-15.ultralight.org:1094.0] Unable to connect: network is unreachable
[2026-08-20 02:26:24.101282 +0000][Error  ][PostMaster        ] [k8s-transfer-15.ultralight.org:1094] elapsed = 0, pConnectionWindow = 31 seconds.
%MSG-f XrdAdaptor:  file_open 20-Aug-2026 02:26:27 UTC pre-events
Opened a file at URL root://k8s-transfer-15.ultralight.org:1094//store/mc/RunIISummer20UL17MiniAODv2/SuuToChiChiToHTZTToJets_MSuu-8000_MChi-3000_TuneCP5_13TeV-madgraph-pythia8/MINIAODSIM/106X_mc2017_realistic_v9-v3/50000/0E7F7F75-5F19-6C4F-8B78-C5E887A76DFA.root?xrdcl.requuid=d7825123-7209-45cc-b063-2b3fc3c9a7a8
%MSG
%MSG-f XrdAdaptor:  (NoModuleName) 20-Aug-2026 02:26:33 UTC pre-events
Opened a file at URL root://k8s-transfer-11.ultralight.org:1094//store/mc/RunIISummer20UL17MiniAODv2/SuuToChiChiToHTZTToJets_MSuu-8000_MChi-3000_TuneCP5_13TeV-madgraph-pythia8/MINIAODSIM/106X_mc2017_realistic_v9-v3/50000/0E7F7F75-5F19-6C4F-8B78-C5E887A76DFA.root?tried=k8s-transfer-15.ultralight.org&triedrc=resel&xrdcl.requuid=66dcf3d2-5274-4b95-afcd-23392d82185a
%MSG
20-Aug-2026 02:26:37 UTC  Successfully opened file root://cmsxrootd.fnal.gov//store/mc/RunIISummer20UL17MiniAODv2/SuuToChiChiToHTZTToJets_MSuu-8000_MChi-3000_TuneCP5_13TeV-madgraph-pythia8/MINIAODSIM/106X_mc2017_realistic_v9-v3/50000/0E7F7F75-5F19-6C4F-8B78-C5E887A76DFA.root
%MSG-f XrdAdaptorLvl3:  AfterFile 20-Aug-2026 02:26:37 UTC pre-events
Deactivating k8s-transfer-15.ultralight.org from active sources because its quality (1381) is higher than 260 and 4 times larger than the other active server k8s-transfer-11.ultralight.org (260) 
%MSG
%MSG-f XrdAdaptor:  (NoModuleName) 20-Aug-2026 02:26:38 UTC pre-events
Opened a file at URL root://k8s-transfer-18.ultralight.org:1094//store/mc/RunIISummer20UL17MiniAODv2/SuuToChiChiToHTZTToJets_MSuu-8000_MChi-3000_TuneCP5_13TeV-madgraph-pythia8/MINIAODSIM/106X_mc2017_realistic_v9-v3/50000/0E7F7F75-5F19-6C4F-8B78-C5E887A76DFA.root?tried=k8s-transfer-15.ultralight.org,k8s-transfer-11.ultralight.org&triedrc=resel&xrdcl.requuid=1877594e-bd09-4a53-afac-abd22c1da185
%MSG
Begin processing the 1st record. Run 1, Event 1150, LumiSection 4 on stream 0 at 20-Aug-2026 02:26:40.719 UTC
%MSG-f XrdAdaptorLvl3:  PreProcPath p 20-Aug-2026 02:27:42 UTC  Run: 1 Event: 1168
Deactivating k8s-transfer-11.ultralight.org from active sources because its quality (1695) is higher than 260 and 4 times larger than the other active server k8s-transfer-18.ultralight.org (403) 
%MSG
20-Aug-2026 02:28:35 UTC  Closed file root://cmsxrootd.fnal.gov//store/mc/RunIISummer20UL17MiniAODv2/SuuToChiChiToHTZTToJets_MSuu-8000_MChi-3000_TuneCP5_13TeV-madgraph-pythia8/MINIAODSIM/106X_mc2017_realistic_v9-v3/50000/0E7F7F75-5F19-6C4F-8B78-C5E887A76DFA.root
