20-Aug-2026 00:43:11 UTC  Initiating request to open file root://cmsxrootd.fnal.gov//store/mc/RunIISummer20UL17MiniAODv2/SuuToChiChiToWBHTToJets_MSuu-8000_MChi-3000_TuneCP5_13TeV-madgraph-pythia8/MINIAODSIM/106X_mc2017_realistic_v9-v3/80000/20100574-5996-634F-8AF2-8AB221EE4261.root
%MSG-f XrdAdaptor:  file_open 20-Aug-2026 00:43:54 UTC pre-events
Opened a file at URL root://dc066.pic.es:21128//store/mc/RunIISummer20UL17MiniAODv2/SuuToChiChiToWBHTToJets_MSuu-8000_MChi-3000_TuneCP5_13TeV-madgraph-pythia8/MINIAODSIM/106X_mc2017_realistic_v9-v3/80000/20100574-5996-634F-8AF2-8AB221EE4261.root?org.dcache.uuid=9224fcd7-9496-4907-b597-882b20ae4f3e&org.dcache.xrootd.client=aji.624@cmswn2264.fnal.gov&tried=+1213cmsxrootd2.fnal.gov&xrd.logintoken=org.dcache.door=2001:67c:1148:201:0:0:0:13:1094&xrdcl.requuid=189680c3-9774-4850-91c7-67295ca3c9c2
%MSG
20-Aug-2026 00:43:56 UTC  Successfully opened file root://cmsxrootd.fnal.gov//store/mc/RunIISummer20UL17MiniAODv2/SuuToChiChiToWBHTToJets_MSuu-8000_MChi-3000_TuneCP5_13TeV-madgraph-pythia8/MINIAODSIM/106X_mc2017_realistic_v9-v3/80000/20100574-5996-634F-8AF2-8AB221EE4261.root
%MSG-f XrdAdaptor:  (NoModuleName) 20-Aug-2026 00:43:59 UTC pre-events
Opened a file at URL root://dc066.pic.es:21128//store/mc/RunIISummer20UL17MiniAODv2/SuuToChiChiToWBHTToJets_MSuu-8000_MChi-3000_TuneCP5_13TeV-madgraph-pythia8/MINIAODSIM/106X_mc2017_realistic_v9-v3/80000/20100574-5996-634F-8AF2-8AB221EE4261.root?org.dcache.uuid=1e4c1d07-9f47-49b3-9420-6415f80dde57&org.dcache.xrootd.client=aji.624@cmswn2264.fnal.gov&tried=+1213cmsxrootd2.fnal.gov,cms-xrd-global.cern.ch&triedrc=resel&xrd.logintoken=org.dcache.door=2001:67c:1148:201:0:0:0:13:1094&xrdcl.requuid=f04395e1-4c64-4807-977c-ff171ee11055
%MSG
Begin processing the 1st record. Run 1, Event 6005, LumiSection 7 on stream 0 at 20-Aug-2026 00:44:02.745 UTC
%MSG-f XrdAdaptor:  (NoModuleName) 20-Aug-2026 00:44:50 UTC pre-events
Opened a file at URL root://dm-s11-14-31.cr.cnaf.infn.it:1094//store/mc/RunIISummer20UL17MiniAODv2/SuuToChiChiToWBHTToJets_MSuu-8000_MChi-3000_TuneCP5_13TeV-madgraph-pythia8/MINIAODSIM/106X_mc2017_realistic_v9-v3/80000/20100574-5996-634F-8AF2-8AB221EE4261.root?tried=+1213cmsxrootd2.fnal.gov,cms-xrd-global.cern.ch&triedrc=resel&xrdcl.requuid=4081f799-24ce-4ac9-b936-60c6b8a44032
%MSG
%MSG-f XrdAdaptorLvl3:  PreProcPath p 20-Aug-2026 00:44:53 UTC  Run: 1 Event: 6018
Deactivating dm-s11-14-31.cr.cnaf.infn.it from active sources because its quality (1968) is higher than 260 and 4 times larger than the other active server dc066.pic.es (279) 
%MSG
%MSG-f XrdAdaptor:  (NoModuleName) 20-Aug-2026 00:44:53 UTC pre-events
Opened a file at URL root://dc066.pic.es:21128//store/mc/RunIISummer20UL17MiniAODv2/SuuToChiChiToWBHTToJets_MSuu-8000_MChi-3000_TuneCP5_13TeV-madgraph-pythia8/MINIAODSIM/106X_mc2017_realistic_v9-v3/80000/20100574-5996-634F-8AF2-8AB221EE4261.root?org.dcache.uuid=34ca4d86-0a33-448b-9aac-fd0385a06b4e&org.dcache.xrootd.client=aji.624@cmswn2264.fnal.gov&tried=+1213cmsxrootd2.fnal.gov,cms-xrd-global.cern.ch,dm-s11-14-31.cr.cnaf.infn.it&triedrc=resel&xrd.logintoken=org.dcache.door=2001:67c:1148:201:0:0:0:13:1094&xrdcl.requuid=291491f3-9ebb-4350-8e03-f686bbd9ebea
%MSG
%MSG-f XrdAdaptor:  (NoModuleName) 20-Aug-2026 00:45:36 UTC pre-events
Opened a file at URL root://dc066.pic.es:21128//store/mc/RunIISummer20UL17MiniAODv2/SuuToChiChiToWBHTToJets_MSuu-8000_MChi-3000_TuneCP5_13TeV-madgraph-pythia8/MINIAODSIM/106X_mc2017_realistic_v9-v3/80000/20100574-5996-634F-8AF2-8AB221EE4261.root?org.dcache.uuid=5c176ebb-4125-4ff8-bec6-fa3aabce2586&org.dcache.xrootd.client=aji.624@cmswn2264.fnal.gov&tried=+1213cmsxrootd2.fnal.gov,cms-xrd-global.cern.ch,dm-s11-14-31.cr.cnaf.infn.it&triedrc=resel&xrd.logintoken=org.dcache.door=2001:67c:1148:201:0:0:0:13:1094&xrdcl.requuid=f8ecd9e5-c9e8-4827-bb91-8b82094edb82
%MSG
20-Aug-2026 00:45:41 UTC  Closed file root://cmsxrootd.fnal.gov//store/mc/RunIISummer20UL17MiniAODv2/SuuToChiChiToWBHTToJets_MSuu-8000_MChi-3000_TuneCP5_13TeV-madgraph-pythia8/MINIAODSIM/106X_mc2017_realistic_v9-v3/80000/20100574-5996-634F-8AF2-8AB221EE4261.root
